<html>
<body>
<pre>
<h1>µVision Build Log</h1>
<h2>Tool Versions:</h2>
IDE-Version: ¦ÌVision V5.38.0.0
Copyright (C) 2022 ARM Ltd and ARM Germany GmbH. All rights reserved.
License Information: a a, a, LIC=FYKYW-Q9EUS-8TY3P-MU0RV-5TI5Q-4H303
 
Tool Versions:
Toolchain:       MDK-ARM Plus  Version: 5.38.0.0
Toolchain Path:  E:\selfInstall\keil5\ARM\ARMCLANG\Bin
C Compiler:      ArmClang.exe V6.19
Assembler:       Armasm.exe V6.19
Linker/Locator:  ArmLink.exe V6.19
Library Manager: ArmAr.exe V6.19
Hex Converter:   FromElf.exe V6.19
CPU DLL:         SARMCM3.DLL V5.38.0.0
Dialog DLL:      DARMCM1.DLL V1.19.6.0
Target DLL:      CMSIS_AGDI.dll V1.33.15.0
Dialog DLL:      TARMCM1.DLL V1.14.6.0
 
<h2>Project:</h2>
E:\ti\mspm0_sdk_1_20_01_06\examples\nortos\LP_MSPM0G3507\driverlib\test_wt\keil\empty_LP_MSPM0G3507_nortos_keil.uvprojx
Project File Date:  05/21/2025

<h2>Output:</h2>
*** Using Compiler 'V6.19', folder: 'E:\selfInstall\keil5\ARM\ARMCLANG\Bin'
Rebuild target 'empty_LP_MSPM0G3507_nortos_keil'
Before Build - User command #1: cmd.exe /C "E:\ti\mspm0_sdk_1_20_01_06\examples\nortos\LP_MSPM0G3507\driverlib\test_wt\keil\../../../../../../tools/keil/syscfg.bat 'E:\ti\mspm0_sdk_1_20_01_06\examples\nortos\LP_MSPM0G3507\driverlib\test_wt\keil\' empty.syscfg"
Using Sysconfig Tool from "E:\ti\sysconfig_1.18.0\sysconfig_cli.bat"
"Update the file located at <sdk path>/tools/keil/syscfg.bat to use a different version"
Running script...
Validating...
info: /ti/project_config/ProjectConfig deviceSpin: Note: User must select a device after migration. 
info: PWM_bin1(/ti/driverlib/PWM): Peripheral does not retain register contents in STOP or STANDBY modes. User should take care to save and restore register configuration in application. See Retention Configuration section for more details.
info: PWM_bin2(/ti/driverlib/PWM): Peripheral does not retain register contents in STOP or STANDBY modes. User should take care to save and restore register configuration in application. See Retention Configuration section for more details.
info: PWM_ain1(/ti/driverlib/PWM): Peripheral does not retain register contents in STOP or STANDBY modes. User should take care to save and restore register configuration in application. See Retention Configuration section for more details.
Generating Code (empty.syscfg)...
Unchanged E:\ti\mspm0_sdk_1_20_01_06\examples\nortos\LP_MSPM0G3507\driverlib\test_wt\ti_msp_dl_config.c...
Unchanged E:\ti\mspm0_sdk_1_20_01_06\examples\nortos\LP_MSPM0G3507\driverlib\test_wt\ti_msp_dl_config.h...
Unchanged E:\ti\mspm0_sdk_1_20_01_06\examples\nortos\LP_MSPM0G3507\driverlib\test_wt\Event.dot...
assembling startup_mspm0g350x_uvision.s...
compiling dl_timer.c...
compiling dl_common.c...
compiling dl_uart.c...
compiling empty.c...
compiling delay.c...
compiling line_sensor.c...
compiling test_logs.c...
compiling car_motor_control.c...
compiling encoder.c...
compiling ti_msp_dl_config.c...
compiling debug.c...
linking...
Program Size: Code=7268 RO-data=292 RW-data=0 ZI-data=888  
FromELF: creating hex file...
".\Objects\empty_LP_MSPM0G3507_nortos_keil.axf" - 0 Error(s), 0 Warning(s).

<h2>Software Packages used:</h2>

Package Vendor: TexasInstruments
                https://software-dl.ti.com/msp430/esd/MSPM0-CMSIS/MSPM0G1X0X_G3X0X/latest/exports/TexasInstruments.MSPM0G1X0X_G3X0X_DFP.1.3.1.pack
                TexasInstruments.MSPM0G1X0X_G3X0X_DFP.1.3.1
                Device Family Pack for Texas Instruments MSPM0G1X0X_G3X0X Series

<h2>Collection of Component include folders:</h2>

<h2>Collection of Component Files used:</h2>
Build Time Elapsed:  00:00:02
</pre>
</body>
</html>
