Component: Arm Compiler for Embedded 6.19 Tool: armlink [5e73cb00]

==============================================================================

Section Cross References

    empty.o(.text.main) refers to ti_msp_dl_config.o(.text.SYSCFG_DL_init) for SYSCFG_DL_init
    empty.o(.text.main) refers to delay.o(.text.Delay_init) for Delay_init
    empty.o(.text.main) refers to bsp_mpu6050.o(.text.MPU6050_Init) for MPU6050_Init
    empty.o(.text.main) refers to debug.o(.text.DEBUG_printf) for DEBUG_printf
    empty.o(.text.main) refers to delay.o(.text.Delay_ms) for Delay_ms
    empty.o(.text.main) refers to test_logs.o(.text.mpu_6050_test) for mpu_6050_test
    empty.o(.ARM.exidx.text.main) refers to empty.o(.text.main) for [Anonymous Symbol]
    startup_mspm0g350x_uvision.o(STACK) refers (Special) to heapauxi.o(.text) for __use_two_region_memory
    startup_mspm0g350x_uvision.o(HEAP) refers (Special) to heapauxi.o(.text) for __use_two_region_memory
    startup_mspm0g350x_uvision.o(RESET) refers (Special) to heapauxi.o(.text) for __use_two_region_memory
    startup_mspm0g350x_uvision.o(RESET) refers to startup_mspm0g350x_uvision.o(STACK) for __initial_sp
    startup_mspm0g350x_uvision.o(RESET) refers to startup_mspm0g350x_uvision.o(.text) for Reset_Handler
    startup_mspm0g350x_uvision.o(RESET) refers to delay.o(.text.SysTick_Handler) for SysTick_Handler
    startup_mspm0g350x_uvision.o(.text) refers (Special) to heapauxi.o(.text) for __use_two_region_memory
    startup_mspm0g350x_uvision.o(.text) refers to __main.o(!!!main) for __main
    startup_mspm0g350x_uvision.o(.text) refers to startup_mspm0g350x_uvision.o(HEAP) for Heap_Mem
    startup_mspm0g350x_uvision.o(.text) refers to startup_mspm0g350x_uvision.o(STACK) for Stack_Mem
    ti_msp_dl_config.o(.text.SYSCFG_DL_init) refers to ti_msp_dl_config.o(.text.SYSCFG_DL_initPower) for SYSCFG_DL_initPower
    ti_msp_dl_config.o(.text.SYSCFG_DL_init) refers to ti_msp_dl_config.o(.text.SYSCFG_DL_GPIO_init) for SYSCFG_DL_GPIO_init
    ti_msp_dl_config.o(.text.SYSCFG_DL_init) refers to ti_msp_dl_config.o(.text.SYSCFG_DL_SYSCTL_init) for SYSCFG_DL_SYSCTL_init
    ti_msp_dl_config.o(.text.SYSCFG_DL_init) refers to ti_msp_dl_config.o(.text.SYSCFG_DL_PWM_bin1_init) for SYSCFG_DL_PWM_bin1_init
    ti_msp_dl_config.o(.text.SYSCFG_DL_init) refers to ti_msp_dl_config.o(.text.SYSCFG_DL_PWM_bin2_init) for SYSCFG_DL_PWM_bin2_init
    ti_msp_dl_config.o(.text.SYSCFG_DL_init) refers to ti_msp_dl_config.o(.text.SYSCFG_DL_PWM_ain1_init) for SYSCFG_DL_PWM_ain1_init
    ti_msp_dl_config.o(.text.SYSCFG_DL_init) refers to ti_msp_dl_config.o(.text.SYSCFG_DL_PWM_ain2_init) for SYSCFG_DL_PWM_ain2_init
    ti_msp_dl_config.o(.text.SYSCFG_DL_init) refers to ti_msp_dl_config.o(.text.SYSCFG_DL_UART_1_init) for SYSCFG_DL_UART_1_init
    ti_msp_dl_config.o(.text.SYSCFG_DL_init) refers to ti_msp_dl_config.o(.text.SYSCFG_DL_SYSTICK_init) for SYSCFG_DL_SYSTICK_init
    ti_msp_dl_config.o(.text.SYSCFG_DL_init) refers to ti_msp_dl_config.o(.bss.gPWM_bin2Backup) for gPWM_bin2Backup
    ti_msp_dl_config.o(.text.SYSCFG_DL_init) refers to ti_msp_dl_config.o(.bss.gPWM_bin1Backup) for gPWM_bin1Backup
    ti_msp_dl_config.o(.text.SYSCFG_DL_init) refers to ti_msp_dl_config.o(.bss.gPWM_ain1Backup) for gPWM_ain1Backup
    ti_msp_dl_config.o(.ARM.exidx.text.SYSCFG_DL_init) refers to ti_msp_dl_config.o(.text.SYSCFG_DL_init) for [Anonymous Symbol]
    ti_msp_dl_config.o(.text.SYSCFG_DL_initPower) refers to dl_common.o(.text.DL_Common_delayCycles) for DL_Common_delayCycles
    ti_msp_dl_config.o(.ARM.exidx.text.SYSCFG_DL_initPower) refers to ti_msp_dl_config.o(.text.SYSCFG_DL_initPower) for [Anonymous Symbol]
    ti_msp_dl_config.o(.ARM.exidx.text.SYSCFG_DL_GPIO_init) refers to ti_msp_dl_config.o(.text.SYSCFG_DL_GPIO_init) for [Anonymous Symbol]
    ti_msp_dl_config.o(.ARM.exidx.text.SYSCFG_DL_SYSCTL_init) refers to ti_msp_dl_config.o(.text.SYSCFG_DL_SYSCTL_init) for [Anonymous Symbol]
    ti_msp_dl_config.o(.text.SYSCFG_DL_PWM_bin1_init) refers to dl_timer.o(.text.DL_Timer_setClockConfig) for DL_Timer_setClockConfig
    ti_msp_dl_config.o(.text.SYSCFG_DL_PWM_bin1_init) refers to dl_timer.o(.text.DL_TimerA_initPWMMode) for DL_TimerA_initPWMMode
    ti_msp_dl_config.o(.text.SYSCFG_DL_PWM_bin1_init) refers to dl_timer.o(.text.DL_Timer_setCaptureCompareValue) for DL_Timer_setCaptureCompareValue
    ti_msp_dl_config.o(.text.SYSCFG_DL_PWM_bin1_init) refers to dl_timer.o(.text.DL_Timer_setCaptureCompareOutCtl) for DL_Timer_setCaptureCompareOutCtl
    ti_msp_dl_config.o(.text.SYSCFG_DL_PWM_bin1_init) refers to dl_timer.o(.text.DL_Timer_setCaptCompUpdateMethod) for DL_Timer_setCaptCompUpdateMethod
    ti_msp_dl_config.o(.text.SYSCFG_DL_PWM_bin1_init) refers to ti_msp_dl_config.o(.rodata.gPWM_bin1ClockConfig) for [Anonymous Symbol]
    ti_msp_dl_config.o(.text.SYSCFG_DL_PWM_bin1_init) refers to ti_msp_dl_config.o(.rodata.gPWM_bin1Config) for [Anonymous Symbol]
[...]
    .text                                    0x000003f0   Section        0  heapauxi.o(.text)
    .text                                    0x000003f8   Section        0  d2f.o(.text)
    _dadd1                                   0x00000475   Thumb Code   290  daddsub.o(.text)
    .text                                    0x00000474   Section        0  daddsub.o(.text)
    _dsub1                                   0x00000597   Thumb Code   470  daddsub.o(.text)
    .text                                    0x000007cc   Section        0  ddiv.o(.text)
    .text                                    0x00000c14   Section        0  dfixi.o(.text)
    .text                                    0x00000c80   Section        0  dmul.o(.text)
    .text                                    0x00000ec8   Section        0  f2d.o(.text)
    .text                                    0x00000f1c   Section        0  fdiv.o(.text)
    .text                                    0x0000107c   Section        0  ffixi.o(.text)
    .text                                    0x000010c8   Section        0  fflti.o(.text)
    .text                                    0x00001126   Section        0  _rserrno.o(.text)
    .text                                    0x0000113c   Section        0  dscalbn.o(.text)
    .text                                    0x0000119c   Section        8  rt_errno_addr_intlibspace.o(.text)
    .text                                    0x000011a4   Section        0  dcmpin.o(.text)
    .text                                    0x00001244   Section        0  dsqrt.o(.text)
    .text                                    0x00001344   Section        0  fcmpin.o(.text)
    .text                                    0x000013a8   Section        8  libspace.o(.text)
    .text                                    0x000013b0   Section       62  sys_stackheap_outer.o(.text)
    .text                                    0x000013ee   Section        0  exit.o(.text)
    .text                                    0x000013fe   Section        0  cmpret.o(.text)
    .text                                    0x0000142c   Section        0  dnan2.o(.text)
    .text                                    0x00001440   Section        0  fnan2.o(.text)
    .text                                    0x00001450   Section        0  retnan.o(.text)
    .text                                    0x000014b0   Section        0  sys_exit.o(.text)
    .text                                    0x000014bc   Section        2  use_no_semi.o(.text)
    .text                                    0x000014be   Section        0  indicate_semi.o(.text)
    [Anonymous Symbol]                       0x000014c0   Section        0  debug.o(.text.DEBUG_printf)
    __arm_cp.0_6                             0x00001540   Number         4  debug.o(.text.DEBUG_printf)
    __arm_cp.0_0                             0x00001bc8   Number         4  debug.o(.text.DEBUG_printf)
    __arm_cp.0_2                             0x00001bcc   Number         4  debug.o(.text.DEBUG_printf)
    __arm_cp.0_3                             0x00001bd0   Number         4  debug.o(.text.DEBUG_printf)
    __arm_cp.0_4                             0x00001bd4   Number         4  debug.o(.text.DEBUG_printf)
    [Anonymous Symbol]                       0x00001bd8   Section        0  dl_common.o(.text.DL_Common_delayCycles)
    DL_Common_delayCyclesLoop                0x00001bda   Number         0  dl_common.o(.text.DL_Common_delayCycles)
    [Anonymous Symbol]                       0x00001be4   Section        0  dl_timer.o(.text.DL_TimerA_initPWMMode)
    __arm_cp.31_0                            0x00001c50   Number         4  dl_timer.o(.text.DL_TimerA_initPWMMode)
    [Anonymous Symbol]                       0x00001c54   Section        0  dl_timer.o(.text.DL_Timer_initPWMMode)
    __arm_cp.11_0                            0x00001d00   Number         4  dl_timer.o(.text.DL_Timer_initPWMMode)
    __arm_cp.11_1                            0x00001d04   Number         4  dl_timer.o(.text.DL_Timer_initPWMMode)
    __arm_cp.11_2                            0x00001d08   Number         4  dl_timer.o(.text.DL_Timer_initPWMMode)
    __arm_cp.11_3                            0x00001d0c   Number         4  dl_timer.o(.text.DL_Timer_initPWMMode)
    __arm_cp.11_4                            0x00001d10   Number         4  dl_timer.o(.text.DL_Timer_initPWMMode)
    __arm_cp.11_5                            0x00001d14   Number         4  dl_timer.o(.text.DL_Timer_initPWMMode)
    __arm_cp.11_6                            0x00001d18   Number         4  dl_timer.o(.text.DL_Timer_initPWMMode)
    [Anonymous Symbol]                       0x00001d1c   Section        0  dl_timer.o(.text.DL_Timer_setCaptCompUpdateMethod)
    __arm_cp.18_0                            0x00001d34   Number         4  dl_timer.o(.text.DL_Timer_setCaptCompUpdateMethod)
    [Anonymous Symbol]                       0x00001d38   Section        0  dl_timer.o(.text.DL_Timer_setCaptureCompareOutCtl)
    __arm_cp.13_0                            0x00001d4c   Number         4  dl_timer.o(.text.DL_Timer_setCaptureCompareOutCtl)
    [Anonymous Symbol]                       0x00001d50   Section        0  dl_timer.o(.text.DL_Timer_setCaptureCompareValue)
    __arm_cp.3_0                             0x00001d5c   Number         4  dl_timer.o(.text.DL_Timer_setCaptureCompareValue)
    [Anonymous Symbol]                       0x00001d60   Section        0  dl_timer.o(.text.DL_Timer_setClockConfig)
    __arm_cp.0_0                             0x00001d78   Number         4  dl_timer.o(.text.DL_Timer_setClockConfig)
    [Anonymous Symbol]                       0x00001d7c   Section        0  dl_uart.o(.text.DL_UART_init)
    __arm_cp.0_0                             0x00001dbc   Number         4  dl_uart.o(.text.DL_UART_init)
    __arm_cp.0_1                             0x00001dc0   Number         4  dl_uart.o(.text.DL_UART_init)
    [Anonymous Symbol]                       0x00001dc4   Section        0  dl_uart.o(.text.DL_UART_setClockConfig)
    [Anonymous Symbol]                       0x00001dd8   Section        0  dl_uart.o(.text.DL_UART_transmitDataBlocking)
    __arm_cp.7_0                             0x00001df8   Number         4  dl_uart.o(.text.DL_UART_transmitDataBlocking)
    [Anonymous Symbol]                       0x00001dfc   Section        0  delay.o(.text.Delay_init)
    [Anonymous Symbol]                       0x00001e04   Section        0  delay.o(.text.Delay_ms)
    __arm_cp.2_0                             0x00001e34   Number         4  delay.o(.text.Delay_ms)
    [Anonymous Symbol]                       0x00001e38   Section        0  delay.o(.text.Delay_us)
    [Anonymous Symbol]                       0x00001e80   Section        0  bsp_mpu6050.o(.text.MPU6050_Init)
    __arm_cp.16_0                            0x00001fa4   Number         4  bsp_mpu6050.o(.text.MPU6050_Init)
    __arm_cp.16_1                            0x00001fa8   Number         4  bsp_mpu6050.o(.text.MPU6050_Init)
    __arm_cp.16_2                            0x00001fac   Number         4  bsp_mpu6050.o(.text.MPU6050_Init)
    __arm_cp.16_3                            0x00001fb0   Number         4  bsp_mpu6050.o(.text.MPU6050_Init)
    __arm_cp.16_4                            0x00001fb4   Number         4  bsp_mpu6050.o(.text.MPU6050_Init)
    __arm_cp.16_5                            0x00001fb8   Number         4  bsp_mpu6050.o(.text.MPU6050_Init)
    [Anonymous Symbol]                       0x00001fbc   Section        0  bsp_mpu6050.o(.text.MPU6050_ReadData)
    __arm_cp.7_0                             0x00002330   Number         4  bsp_mpu6050.o(.text.MPU6050_ReadData)
    __arm_cp.7_1                             0x00002334   Number         4  bsp_mpu6050.o(.text.MPU6050_ReadData)
    __arm_cp.7_2                             0x00002338   Number         4  bsp_mpu6050.o(.text.MPU6050_ReadData)
    __arm_cp.7_3                             0x0000233c   Number         4  bsp_mpu6050.o(.text.MPU6050_ReadData)
    [Anonymous Symbol]                       0x00002340   Section        0  bsp_mpu6050.o(.text.MPU6050_WriteReg)
    __arm_cp.6_0                             0x0000267c   Number         4  bsp_mpu6050.o(.text.MPU6050_WriteReg)
    __arm_cp.6_1                             0x00002680   Number         4  bsp_mpu6050.o(.text.MPU6050_WriteReg)
    __arm_cp.6_2                             0x00002684   Number         4  bsp_mpu6050.o(.text.MPU6050_WriteReg)
    __arm_cp.6_3                             0x00002688   Number         4  bsp_mpu6050.o(.text.MPU6050_WriteReg)
    [Anonymous Symbol]                       0x0000268c   Section        0  bsp_mpu6050.o(.text.Read_Byte)
    __arm_cp.5_0                             0x000027c8   Number         4  bsp_mpu6050.o(.text.Read_Byte)
    __arm_cp.5_1                             0x000027cc   Number         4  bsp_mpu6050.o(.text.Read_Byte)
    __arm_cp.5_2                             0x000027d0   Number         4  bsp_mpu6050.o(.text.Read_Byte)
    __arm_cp.5_3                             0x000027d4   Number         4  bsp_mpu6050.o(.text.Read_Byte)
    [Anonymous Symbol]                       0x000027d8   Section        0  ti_msp_dl_config.o(.text.SYSCFG_DL_GPIO_init)
    __arm_cp.2_0                             0x0000284c   Number         4  ti_msp_dl_config.o(.text.SYSCFG_DL_GPIO_init)
    __arm_cp.2_1                             0x00002850   Number         4  ti_msp_dl_config.o(.text.SYSCFG_DL_GPIO_init)
    __arm_cp.2_2                             0x00002854   Number         4  ti_msp_dl_config.o(.text.SYSCFG_DL_GPIO_init)
    __arm_cp.2_3                             0x00002858   Number         4  ti_msp_dl_config.o(.text.SYSCFG_DL_GPIO_init)
    __arm_cp.2_4                             0x0000285c   Number         4  ti_msp_dl_config.o(.text.SYSCFG_DL_GPIO_init)
    __arm_cp.2_5                             0x00002860   Number         4  ti_msp_dl_config.o(.text.SYSCFG_DL_GPIO_init)
    __arm_cp.2_6                             0x00002864   Number         4  ti_msp_dl_config.o(.text.SYSCFG_DL_GPIO_init)
    __arm_cp.2_7                             0x00002868   Number         4  ti_msp_dl_config.o(.text.SYSCFG_DL_GPIO_init)
    [Anonymous Symbol]                       0x0000286c   Section        0  ti_msp_dl_config.o(.text.SYSCFG_DL_PWM_ain1_init)
    __arm_cp.6_0                             0x000028b4   Number         4  ti_msp_dl_config.o(.text.SYSCFG_DL_PWM_ain1_init)
    __arm_cp.6_1                             0x000028b8   Number         4  ti_msp_dl_config.o(.text.SYSCFG_DL_PWM_ain1_init)
    __arm_cp.6_2                             0x000028bc   Number         4  ti_msp_dl_config.o(.text.SYSCFG_DL_PWM_ain1_init)
    __arm_cp.6_3                             0x000028c0   Number         4  ti_msp_dl_config.o(.text.SYSCFG_DL_PWM_ain1_init)
    [Anonymous Symbol]                       0x000028c4   Section        0  ti_msp_dl_config.o(.text.SYSCFG_DL_PWM_ain2_init)
    __arm_cp.7_0                             0x00002910   Number         4  ti_msp_dl_config.o(.text.SYSCFG_DL_PWM_ain2_init)
    __arm_cp.7_1                             0x00002914   Number         4  ti_msp_dl_config.o(.text.SYSCFG_DL_PWM_ain2_init)
    __arm_cp.7_2                             0x00002918   Number         4  ti_msp_dl_config.o(.text.SYSCFG_DL_PWM_ain2_init)
    __arm_cp.7_3                             0x0000291c   Number         4  ti_msp_dl_config.o(.text.SYSCFG_DL_PWM_ain2_init)
    [Anonymous Symbol]                       0x00002920   Section        0  ti_msp_dl_config.o(.text.SYSCFG_DL_PWM_bin1_init)
    __arm_cp.4_0                             0x00002968   Number         4  ti_msp_dl_config.o(.text.SYSCFG_DL_PWM_bin1_init)
    __arm_cp.4_1                             0x0000296c   Number         4  ti_msp_dl_config.o(.text.SYSCFG_DL_PWM_bin1_init)
    __arm_cp.4_2                             0x00002970   Number         4  ti_msp_dl_config.o(.text.SYSCFG_DL_PWM_bin1_init)
    __arm_cp.4_3                             0x00002974   Number         4  ti_msp_dl_config.o(.text.SYSCFG_DL_PWM_bin1_init)
    [Anonymous Symbol]                       0x00002978   Section        0  ti_msp_dl_config.o(.text.SYSCFG_DL_PWM_bin2_init)
    __arm_cp.5_0                             0x000029c4   Number         4  ti_msp_dl_config.o(.text.SYSCFG_DL_PWM_bin2_init)
    __arm_cp.5_1                             0x000029c8   Number         4  ti_msp_dl_config.o(.text.SYSCFG_DL_PWM_bin2_init)
    __arm_cp.5_2                             0x000029cc   Number         4  ti_msp_dl_config.o(.text.SYSCFG_DL_PWM_bin2_init)
    __arm_cp.5_3                             0x000029d0   Number         4  ti_msp_dl_config.o(.text.SYSCFG_DL_PWM_bin2_init)
    [Anonymous Symbol]                       0x000029d4   Section        0  ti_msp_dl_config.o(.text.SYSCFG_DL_SYSCTL_init)
    __arm_cp.3_0                             0x00002a1c   Number         4  ti_msp_dl_config.o(.text.SYSCFG_DL_SYSCTL_init)
    __arm_cp.3_1                             0x00002a20   Number         4  ti_msp_dl_config.o(.text.SYSCFG_DL_SYSCTL_init)
    __arm_cp.3_2                             0x00002a24   Number         4  ti_msp_dl_config.o(.text.SYSCFG_DL_SYSCTL_init)
    [Anonymous Symbol]                       0x00002a28   Section        0  ti_msp_dl_config.o(.text.SYSCFG_DL_SYSTICK_init)
    __arm_cp.9_0                             0x00002a4c   Number         4  ti_msp_dl_config.o(.text.SYSCFG_DL_SYSTICK_init)
    __arm_cp.9_1                             0x00002a50   Number         4  ti_msp_dl_config.o(.text.SYSCFG_DL_SYSTICK_init)
    __arm_cp.9_2                             0x00002a54   Number         4  ti_msp_dl_config.o(.text.SYSCFG_DL_SYSTICK_init)
    [Anonymous Symbol]                       0x00002a58   Section        0  ti_msp_dl_config.o(.text.SYSCFG_DL_UART_1_init)
    __arm_cp.8_0                             0x00002aa4   Number         4  ti_msp_dl_config.o(.text.SYSCFG_DL_UART_1_init)
    __arm_cp.8_1                             0x00002aa8   Number         4  ti_msp_dl_config.o(.text.SYSCFG_DL_UART_1_init)
    __arm_cp.8_2                             0x00002aac   Number         4  ti_msp_dl_config.o(.text.SYSCFG_DL_UART_1_init)
    __arm_cp.8_3                             0x00002ab0   Number         4  ti_msp_dl_config.o(.text.SYSCFG_DL_UART_1_init)
    __arm_cp.8_4                             0x00002ab4   Number         4  ti_msp_dl_config.o(.text.SYSCFG_DL_UART_1_init)
    [Anonymous Symbol]                       0x00002ab8   Section        0  ti_msp_dl_config.o(.text.SYSCFG_DL_init)
    __arm_cp.0_0                             0x00002af4   Number         4  ti_msp_dl_config.o(.text.SYSCFG_DL_init)
    __arm_cp.0_1                             0x00002af8   Number         4  ti_msp_dl_config.o(.text.SYSCFG_DL_init)
    __arm_cp.0_2                             0x00002afc   Number         4  ti_msp_dl_config.o(.text.SYSCFG_DL_init)
    [Anonymous Symbol]                       0x00002b00   Section        0  ti_msp_dl_config.o(.text.SYSCFG_DL_initPower)
    __arm_cp.1_0                             0x00002b3c   Number         4  ti_msp_dl_config.o(.text.SYSCFG_DL_initPower)
    __arm_cp.1_1                             0x00002b40   Number         4  ti_msp_dl_config.o(.text.SYSCFG_DL_initPower)
    __arm_cp.1_2                             0x00002b44   Number         4  ti_msp_dl_config.o(.text.SYSCFG_DL_initPower)
    __arm_cp.1_3                             0x00002b48   Number         4  ti_msp_dl_config.o(.text.SYSCFG_DL_initPower)
    __arm_cp.1_4                             0x00002b4c   Number         4  ti_msp_dl_config.o(.text.SYSCFG_DL_initPower)
    __arm_cp.1_5                             0x00002b50   Number         4  ti_msp_dl_config.o(.text.SYSCFG_DL_initPower)
    __arm_cp.1_6                             0x00002b54   Number         4  ti_msp_dl_config.o(.text.SYSCFG_DL_initPower)
    __arm_cp.1_7                             0x00002b58   Number         4  ti_msp_dl_config.o(.text.SYSCFG_DL_initPower)
    __arm_cp.1_8                             0x00002b5c   Number         4  ti_msp_dl_config.o(.text.SYSCFG_DL_initPower)
    [Anonymous Symbol]                       0x00002b60   Section        0  bsp_mpu6050.o(.text.Send_Byte)
    __arm_cp.4_0                             0x00002c9c   Number         4  bsp_mpu6050.o(.text.Send_Byte)
    __arm_cp.4_1                             0x00002ca0   Number         4  bsp_mpu6050.o(.text.Send_Byte)
    [Anonymous Symbol]                       0x00002ca4   Section        0  delay.o(.text.SysTick_Handler)
    __arm_cp.0_0                             0x00002cb0   Number         4  delay.o(.text.SysTick_Handler)
    [Anonymous Symbol]                       0x00002cb4   Section        0  inv_mpu_dmp_motion_driver.o(.text.dmp_enable_feature)
    __arm_cp.18_0                            0x00002f10   Number         4  inv_mpu_dmp_motion_driver.o(.text.dmp_enable_feature)
    __arm_cp.18_1                            0x00002f14   Number         4  inv_mpu_dmp_motion_driver.o(.text.dmp_enable_feature)
    __arm_cp.18_2                            0x00002f18   Number         4  inv_mpu_dmp_motion_driver.o(.text.dmp_enable_feature)
    __arm_cp.18_3                            0x00002f1c   Number         4  inv_mpu_dmp_motion_driver.o(.text.dmp_enable_feature)
    __arm_cp.18_4                            0x00002f20   Number         4  inv_mpu_dmp_motion_driver.o(.text.dmp_enable_feature)
    __arm_cp.18_5                            0x00002f24   Number         4  inv_mpu_dmp_motion_driver.o(.text.dmp_enable_feature)
    __arm_cp.18_6                            0x00002f28   Number         4  inv_mpu_dmp_motion_driver.o(.text.dmp_enable_feature)
    __arm_cp.18_7                            0x00002f2c   Number         4  inv_mpu_dmp_motion_driver.o(.text.dmp_enable_feature)
    __arm_cp.18_8                            0x00002f30   Number         4  inv_mpu_dmp_motion_driver.o(.text.dmp_enable_feature)
    __arm_cp.18_9                            0x00002f34   Number         4  inv_mpu_dmp_motion_driver.o(.text.dmp_enable_feature)
    [Anonymous Symbol]                       0x00002f38   Section        0  inv_mpu_dmp_motion_driver.o(.text.dmp_load_motion_driver_firmware)
    __arm_cp.0_0                             0x00002f4c   Number         4  inv_mpu_dmp_motion_driver.o(.text.dmp_load_motion_driver_firmware)
    __arm_cp.0_1                             0x00002f50   Number         4  inv_mpu_dmp_motion_driver.o(.text.dmp_load_motion_driver_firmware)
    [Anonymous Symbol]                       0x00002f54   Section        0  inv_mpu_dmp_motion_driver.o(.text.dmp_read_fifo)
    __arm_cp.24_0                            0x000030f4   Number         4  inv_mpu_dmp_motion_driver.o(.text.dmp_read_fifo)
    __arm_cp.24_1                            0x000030f8   Number         4  inv_mpu_dmp_motion_driver.o(.text.dmp_read_fifo)
    __arm_cp.24_2                            0x000030fc   Number         4  inv_mpu_dmp_motion_driver.o(.text.dmp_read_fifo)
    __arm_cp.24_3                            0x00003100   Number         4  inv_mpu_dmp_motion_driver.o(.text.dmp_read_fifo)
    __arm_cp.24_4                            0x00003104   Number         4  inv_mpu_dmp_motion_driver.o(.text.dmp_read_fifo)
    __arm_cp.24_5                            0x00003108   Number         4  inv_mpu_dmp_motion_driver.o(.text.dmp_read_fifo)
    [Anonymous Symbol]                       0x0000310c   Section        0  inv_mpu_dmp_motion_driver.o(.text.dmp_set_fifo_rate)
    __arm_cp.4_0                             0x00003160   Number         4  inv_mpu_dmp_motion_driver.o(.text.dmp_set_fifo_rate)
    __arm_cp.4_1                             0x00003164   Number         4  inv_mpu_dmp_motion_driver.o(.text.dmp_set_fifo_rate)
    __arm_cp.4_2                             0x00003168   Number         4  inv_mpu_dmp_motion_driver.o(.text.dmp_set_fifo_rate)
    __arm_cp.4_3                             0x0000316c   Number         4  inv_mpu_dmp_motion_driver.o(.text.dmp_set_fifo_rate)
    __arm_cp.4_4                             0x00003170   Number         4  inv_mpu_dmp_motion_driver.o(.text.dmp_set_fifo_rate)
    __arm_cp.4_5                             0x00003174   Number         4  inv_mpu_dmp_motion_driver.o(.text.dmp_set_fifo_rate)
    [Anonymous Symbol]                       0x00003178   Section        0  inv_mpu_dmp_motion_driver.o(.text.dmp_set_orientation)
    __arm_cp.1_0                             0x00003238   Number         4  inv_mpu_dmp_motion_driver.o(.text.dmp_set_orientation)
    __arm_cp.1_1                             0x0000323c   Number         4  inv_mpu_dmp_motion_driver.o(.text.dmp_set_orientation)
    __arm_cp.1_2                             0x00003240   Number         4  inv_mpu_dmp_motion_driver.o(.text.dmp_set_orientation)
    __arm_cp.1_3                             0x00003244   Number         4  inv_mpu_dmp_motion_driver.o(.text.dmp_set_orientation)
    __arm_cp.1_4                             0x00003248   Number         4  inv_mpu_dmp_motion_driver.o(.text.dmp_set_orientation)
    __arm_cp.1_5                             0x0000324c   Number         4  inv_mpu_dmp_motion_driver.o(.text.dmp_set_orientation)
    [Anonymous Symbol]                       0x00003250   Section        0  inv_mpu_dmp_motion_driver.o(.text.dmp_set_tap_thresh)
    __arm_cp.6_0                             0x00003380   Number         4  inv_mpu_dmp_motion_driver.o(.text.dmp_set_tap_thresh)
    __arm_cp.6_1                             0x00003384   Number         4  inv_mpu_dmp_motion_driver.o(.text.dmp_set_tap_thresh)
    __arm_cp.6_2                             0x00003388   Number         4  inv_mpu_dmp_motion_driver.o(.text.dmp_set_tap_thresh)
    __arm_cp.6_3                             0x0000338c   Number         4  inv_mpu_dmp_motion_driver.o(.text.dmp_set_tap_thresh)
    __arm_cp.6_4                             0x00003390   Number         4  inv_mpu_dmp_motion_driver.o(.text.dmp_set_tap_thresh)
    [Anonymous Symbol]                       0x00003394   Section        0  inv_mpu.o(.text.inv_orientation_matrix_to_scalar)
    [Anonymous Symbol]                       0x00003450   Section        0  empty.o(.text.main)
    __arm_cp.0_2                             0x000034a8   Number         4  empty.o(.text.main)
    [Anonymous Symbol]                       0x000034ac   Section        0  inv_mpu.o(.text.mget_ms)
    [Anonymous Symbol]                       0x000034b0   Section        0  test_logs.o(.text.mpu_6050_test)
    __arm_cp.3_0                             0x0000352c   Number         4  test_logs.o(.text.mpu_6050_test)
    [Anonymous Symbol]                       0x00003588   Section        0  inv_mpu.o(.text.mpu_configure_fifo)
    [Anonymous Symbol]                       0x00003624   Section        0  inv_mpu.o(.text.mpu_dmp_get_data)
    __arm_cp.47_0                            0x000037e4   Number         4  inv_mpu.o(.text.mpu_dmp_get_data)
    __arm_cp.47_1                            0x000037e8   Number         4  inv_mpu.o(.text.mpu_dmp_get_data)
    [Anonymous Symbol]                       0x000037ec   Section        0  inv_mpu.o(.text.mpu_dmp_init)
    __arm_cp.46_1                            0x000038bc   Number         4  inv_mpu.o(.text.mpu_dmp_init)
    [Anonymous Symbol]                       0x000038c0   Section        0  inv_mpu.o(.text.mpu_get_accel_fsr)
    __arm_cp.19_0                            0x000038e8   Number         4  inv_mpu.o(.text.mpu_get_accel_fsr)
    __arm_cp.19_1                            0x000038ec   Number         4  inv_mpu.o(.text.mpu_get_accel_fsr)
    __arm_cp.19_2                            0x000038f0   Number         4  inv_mpu.o(.text.mpu_get_accel_fsr)
    [Anonymous Symbol]                       0x000038f4   Section        0  inv_mpu.o(.text.mpu_init)
    __arm_cp.2_0                             0x00003a38   Number         4  inv_mpu.o(.text.mpu_init)
    __arm_cp.2_3                             0x00003a84   Number         4  inv_mpu.o(.text.mpu_init)
    __arm_cp.2_4                             0x00003a88   Number         4  inv_mpu.o(.text.mpu_init)
    [Anonymous Symbol]                       0x00003a8c   Section        0  inv_mpu.o(.text.mpu_load_firmware)
    __arm_cp.37_0                            0x00003bb0   Number         4  inv_mpu.o(.text.mpu_load_firmware)
    [Anonymous Symbol]                       0x00003bb4   Section        0  inv_mpu.o(.text.mpu_lp_accel_mode)
    [Anonymous Symbol]                       0x00003db4   Section        0  inv_mpu.o(.text.mpu_read_fifo_stream)
    __arm_cp.30_0                            0x00003e54   Number         4  inv_mpu.o(.text.mpu_read_fifo_stream)
    [Anonymous Symbol]                       0x00003e58   Section        0  inv_mpu.o(.text.mpu_reset_fifo)
    __arm_cp.17_0                            0x00003fa0   Number         4  inv_mpu.o(.text.mpu_reset_fifo)
    [Anonymous Symbol]                       0x00003fa4   Section        0  inv_mpu.o(.text.mpu_set_accel_fsr)
    [Anonymous Symbol]                       0x00004020   Section        0  inv_mpu.o(.text.mpu_set_bypass)
    __arm_cp.8_0                             0x000040fc   Number         4  inv_mpu.o(.text.mpu_set_bypass)
    [Anonymous Symbol]                       0x00004100   Section        0  inv_mpu.o(.text.mpu_set_dmp_state)
    [Anonymous Symbol]                       0x000041cc   Section        0  inv_mpu.o(.text.mpu_set_lpf)
    __arm_cp.5_0                             0x00004240   Number         4  inv_mpu.o(.text.mpu_set_lpf)
    [Anonymous Symbol]                       0x00004244   Section        0  inv_mpu.o(.text.mpu_set_sample_rate)
    __arm_cp.6_0                             0x00004324   Number         4  inv_mpu.o(.text.mpu_set_sample_rate)
    [Anonymous Symbol]                       0x00004328   Section        0  inv_mpu.o(.text.mpu_set_sensors)
    __arm_cp.9_0                             0x00004404   Number         4  inv_mpu.o(.text.mpu_set_sensors)
    [Anonymous Symbol]                       0x00004408   Section        0  inv_mpu.o(.text.mpu_write_mem)
    __arm_cp.35_0                            0x00004468   Number         4  inv_mpu.o(.text.mpu_write_mem)
    .text_divfast                            0x0000446c   Section      502  aeabi_sdivfast.o(.text_divfast)
    i.__ARM_fpclassify                       0x00004664   Section        0  fpclassify.o(i.__ARM_fpclassify)
    i.__kernel_poly                          0x00004690   Section        0  poly.o(i.__kernel_poly)
    i.__mathlib_dbl_infnan                   0x0000473c   Section        0  dunder.o(i.__mathlib_dbl_infnan)
    i.__mathlib_dbl_infnan2                  0x00004746   Section        0  dunder.o(i.__mathlib_dbl_infnan2)
    i.__mathlib_dbl_invalid                  0x0000474e   Section        0  dunder.o(i.__mathlib_dbl_invalid)
    i.__mathlib_dbl_underflow                0x00004760   Section        0  dunder.o(i.__mathlib_dbl_underflow)
    i._fgeq                                  0x00004774   Section        0  fcmp.o(i._fgeq)
    i.asin                                   0x0000478c   Section        0  asin.o(i.asin)
    i.atan                                   0x00004a00   Section        0  atan.o(i.atan)
    i.atan2                                  0x00004c1c   Section        0  atan2.o(i.atan2)
    i.sqrt                                   0x00004db8   Section        0  sqrt.o(i.sqrt)
    x$fpl$deqf                               0x00004e00   Section      100  deqf.o(x$fpl$deqf)
    x$fpl$fadd                               0x00004e64   Section      140  faddsub.o(x$fpl$fadd)
    _fadd1                                   0x00004e71   Thumb Code     0  faddsub.o(x$fpl$fadd)
    x$fpl$fgeqf                              0x00004ef0   Section       84  fgef.o(x$fpl$fgeqf)
    x$fpl$fmul                               0x00004f44   Section      176  fmul.o(x$fpl$fmul)
    x$fpl$fsub                               0x00004ff4   Section      208  faddsub.o(x$fpl$fsub)
    _fsub1                                   0x00005001   Thumb Code     0  faddsub.o(x$fpl$fsub)
    ddiv_reciptbl                            0x000050c4   Data         128  ddiv.o(.constdata)
    .constdata                               0x000050c4   Section      128  ddiv.o(.constdata)
    x$fpl$usenofp                            0x000050c4   Section        0  usenofp.o(x$fpl$usenofp)
    fdiv_tab                                 0x00005144   Data          64  fdiv.o(.constdata)
    .constdata                               0x00005144   Section       64  fdiv.o(.constdata)
    pS                                       0x00005188   Data          48  asin.o(.constdata)
    .constdata                               0x00005188   Section       80  asin.o(.constdata)
    qS                                       0x000051b8   Data          32  asin.o(.constdata)
    atanhi                                   0x000051d8   Data          32  atan.o(.constdata)
    .constdata                               0x000051d8   Section      152  atan.o(.constdata)
    atanlo                                   0x000051f8   Data          32  atan.o(.constdata)
    aTodd                                    0x00005218   Data          40  atan.o(.constdata)
    aTeven                                   0x00005240   Data          48  atan.o(.constdata)
    .constdata                               0x00005270   Section        8  qnan.o(.constdata)
    [Anonymous Symbol]                       0x00005278   Section        0  inv_mpu_dmp_motion_driver.o(.rodata..L__const.dmp_set_orientation.accel_axes)
    [Anonymous Symbol]                       0x0000527b   Section        0  inv_mpu_dmp_motion_driver.o(.rodata..L__const.dmp_set_orientation.gyro_axes)
    dmp_memory                               0x0000527e   Data        3062  inv_mpu_dmp_motion_driver.o(.rodata.dmp_memory)
    [Anonymous Symbol]                       0x0000527e   Section        0  inv_mpu_dmp_motion_driver.o(.rodata.dmp_memory)
    gPWM_ain1ClockConfig                     0x00005e74   Data           3  ti_msp_dl_config.o(.rodata.gPWM_ain1ClockConfig)
    [Anonymous Symbol]                       0x00005e74   Section        0  ti_msp_dl_config.o(.rodata.gPWM_ain1ClockConfig)
    gPWM_ain1Config                          0x00005e78   Data           8  ti_msp_dl_config.o(.rodata.gPWM_ain1Config)
    [Anonymous Symbol]                       0x00005e78   Section        0  ti_msp_dl_config.o(.rodata.gPWM_ain1Config)
    gPWM_ain2ClockConfig                     0x00005e80   Data           3  ti_msp_dl_config.o(.rodata.gPWM_ain2ClockConfig)
    [Anonymous Symbol]                       0x00005e80   Section        0  ti_msp_dl_config.o(.rodata.gPWM_ain2ClockConfig)
    gPWM_ain2Config                          0x00005e84   Data           8  ti_msp_dl_config.o(.rodata.gPWM_ain2Config)
    [Anonymous Symbol]                       0x00005e84   Section        0  ti_msp_dl_config.o(.rodata.gPWM_ain2Config)
    gPWM_bin1ClockConfig                     0x00005e8c   Data           3  ti_msp_dl_config.o(.rodata.gPWM_bin1ClockConfig)
    [Anonymous Symbol]                       0x00005e8c   Section        0  ti_msp_dl_config.o(.rodata.gPWM_bin1ClockConfig)
    gPWM_bin1Config                          0x00005e90   Data           8  ti_msp_dl_config.o(.rodata.gPWM_bin1Config)
    [Anonymous Symbol]                       0x00005e90   Section        0  ti_msp_dl_config.o(.rodata.gPWM_bin1Config)
    gPWM_bin2ClockConfig                     0x00005e98   Data           3  ti_msp_dl_config.o(.rodata.gPWM_bin2ClockConfig)
    [Anonymous Symbol]                       0x00005e98   Section        0  ti_msp_dl_config.o(.rodata.gPWM_bin2ClockConfig)
    gPWM_bin2Config                          0x00005e9c   Data           8  ti_msp_dl_config.o(.rodata.gPWM_bin2Config)
    [Anonymous Symbol]                       0x00005e9c   Section        0  ti_msp_dl_config.o(.rodata.gPWM_bin2Config)
    gUART_1ClockConfig                       0x00005ea4   Data           2  ti_msp_dl_config.o(.rodata.gUART_1ClockConfig)
    [Anonymous Symbol]                       0x00005ea4   Section        0  ti_msp_dl_config.o(.rodata.gUART_1ClockConfig)
    gUART_1Config                            0x00005ea6   Data          10  ti_msp_dl_config.o(.rodata.gUART_1Config)
    [Anonymous Symbol]                       0x00005ea6   Section        0  ti_msp_dl_config.o(.rodata.gUART_1Config)
    [Anonymous Symbol]                       0x00005ed7   Section        0  debug.o(.rodata.str1.1)
    [Anonymous Symbol]                       0x00005ee8   Section        0  test_logs.o(.rodata.str1.1)
    [Anonymous Symbol]                       0x00005ef0   Section        0  bsp_mpu6050.o(.rodata.str1.1)
    [Anonymous Symbol]                       0x00005f29   Section        0  inv_mpu.o(.rodata.str1.1)
    gyro_orientation                         0x20200000   Data           9  inv_mpu.o(.data.gyro_orientation)
    [Anonymous Symbol]                       0x20200000   Section        0  inv_mpu.o(.data.gyro_orientation)
    st                                       0x2020000c   Data          44  inv_mpu.o(.data.st)
    [Anonymous Symbol]                       0x2020000c   Section        0  inv_mpu.o(.data.st)
    .bss                                     0x20200038   Section       96  libspace.o(.bss)
    dmp.0                                    0x20200098   Data           4  inv_mpu_dmp_motion_driver.o(.bss.dmp.0)
    [Anonymous Symbol]                       0x20200098   Section        0  inv_mpu_dmp_motion_driver.o(.bss.dmp.0)
    dmp.1                                    0x2020009c   Data           4  inv_mpu_dmp_motion_driver.o(.bss.dmp.1)
    [Anonymous Symbol]                       0x2020009c   Section        0  inv_mpu_dmp_motion_driver.o(.bss.dmp.1)
    dmp.2                                    0x202000a0   Data           2  inv_mpu_dmp_motion_driver.o(.bss.dmp.2)
    [Anonymous Symbol]                       0x202000a0   Section        0  inv_mpu_dmp_motion_driver.o(.bss.dmp.2)
    dmp.3                                    0x202000a4   Data           2  inv_mpu_dmp_motion_driver.o(.bss.dmp.3)
    [Anonymous Symbol]                       0x202000a4   Section        0  inv_mpu_dmp_motion_driver.o(.bss.dmp.3)
    dmp.4                                    0x202000a8   Data           2  inv_mpu_dmp_motion_driver.o(.bss.dmp.4)
    [Anonymous Symbol]                       0x202000a8   Section        0  inv_mpu_dmp_motion_driver.o(.bss.dmp.4)
    dmp.5                                    0x202000aa   Data           1  inv_mpu_dmp_motion_driver.o(.bss.dmp.5)
    [Anonymous Symbol]                       0x202000aa   Section        0  inv_mpu_dmp_motion_driver.o(.bss.dmp.5)
    Heap_Mem                                 0x202002a0   Data         256  startup_mspm0g350x_uvision.o(HEAP)
    HEAP                                     0x202002a0   Section      256  startup_mspm0g350x_uvision.o(HEAP)
    Stack_Mem                                0x202003a0   Data         256  startup_mspm0g350x_uvision.o(STACK)
    STACK                                    0x202003a0   Section      256  startup_mspm0g350x_uvision.o(STACK)
    __initial_sp                             0x202004a0   Data           0  startup_mspm0g350x_uvision.o(STACK)

    Global Symbols

    Symbol Name                              Value     Ov Type        Size  Object(Section)

    BuildAttributes$$THM_ISAv3M$S$PE$A:L22$X:L11$S22$IEEE1$IW$~IW$USESV6$~STKCKD$USESV7$~SHL$OTIME$ROPI$IEEEX$EBA8$UX$STANDARDLIB$REQ8$PRES8$EABIv2 0x00000000   Number         0  anon$$obj.o ABSOLUTE
    __Vectors                                0x00000000   Data           4  startup_mspm0g350x_uvision.o(RESET)
    __ARM_exceptions_init                     - Undefined Weak Reference
    __alloca_initialize                       - Undefined Weak Reference
    __arm_preinit_                            - Undefined Weak Reference
    __arm_relocate_pie_                       - Undefined Weak Reference
    __cpp_initialize__aeabi_                  - Undefined Weak Reference
    __cxa_finalize                            - Undefined Weak Reference
    __rt_locale                               - Undefined Weak Reference
    __sigvec_lookup                           - Undefined Weak Reference
    _atexit_init                              - Undefined Weak Reference
    _call_atexit_fns                          - Undefined Weak Reference
    _clock_init                               - Undefined Weak Reference
    _fp_trap_init                             - Undefined Weak Reference
    _fp_trap_shutdown                         - Undefined Weak Reference
    _get_lc_collate                           - Undefined Weak Reference
    _get_lc_ctype                             - Undefined Weak Reference
    _get_lc_monetary                          - Undefined Weak Reference
    _get_lc_numeric                           - Undefined Weak Reference
    _get_lc_time                              - Undefined Weak Reference
    _getenv_init                              - Undefined Weak Reference
    _handle_redirection                       - Undefined Weak Reference
    _init_alloc                               - Undefined Weak Reference
    _init_user_alloc                          - Undefined Weak Reference
    _initio                                   - Undefined Weak Reference
    _rand_init                                - Undefined Weak Reference
    _signal_finish                            - Undefined Weak Reference
    _signal_init                              - Undefined Weak Reference
    _terminate_alloc                          - Undefined Weak Reference
    _terminate_user_alloc                     - Undefined Weak Reference
    _terminateio                              - Undefined Weak Reference
    __Vectors_End                            0x000000c0   Data           0  startup_mspm0g350x_uvision.o(RESET)
    __Vectors_Size                           0x000000c0   Number         0  startup_mspm0g350x_uvision.o ABSOLUTE
    __main                                   0x000000c1   Thumb Code     8  __main.o(!!!main)
    __scatterload                            0x000000c9   Thumb Code     0  __scatter.o(!!!scatter)
    __scatterload_rt2                        0x000000c9   Thumb Code    52  __scatter.o(!!!scatter)
    __scatterload_rt2_thumb_only             0x000000c9   Thumb Code     0  __scatter.o(!!!scatter)
    __scatterload_null                       0x000000d9   Thumb Code     0  __scatter.o(!!!scatter)
    __scatterload_copy                       0x00000109   Thumb Code    26  __scatter_copy.o(!!handler_copy)
    __scatterload_zeroinit                   0x00000129   Thumb Code    28  __scatter_zi.o(!!handler_zi)
    __rt_lib_init                            0x00000145   Thumb Code     0  libinit.o(.ARM.Collect$$libinit$$00000000)
    __rt_lib_init_alloca_1                   0x00000147   Thumb Code     0  libinit2.o(.ARM.Collect$$libinit$$00000030)
    __rt_lib_init_argv_1                     0x00000147   Thumb Code     0  libinit2.o(.ARM.Collect$$libinit$$0000002E)
    __rt_lib_init_atexit_1                   0x00000147   Thumb Code     0  libinit2.o(.ARM.Collect$$libinit$$0000001D)
    __rt_lib_init_clock_1                    0x00000147   Thumb Code     0  libinit2.o(.ARM.Collect$$libinit$$00000023)
    __rt_lib_init_cpp_1                      0x00000147   Thumb Code     0  libinit2.o(.ARM.Collect$$libinit$$00000034)
    __rt_lib_init_exceptions_1               0x00000147   Thumb Code     0  libinit2.o(.ARM.Collect$$libinit$$00000032)
    __rt_lib_init_fp_1                       0x00000147   Thumb Code     0  libinit2.o(.ARM.Collect$$libinit$$00000002)
    __rt_lib_init_fp_trap_1                  0x00000147   Thumb Code     0  libinit2.o(.ARM.Collect$$libinit$$00000021)
    __rt_lib_init_getenv_1                   0x00000147   Thumb Code     0  libinit2.o(.ARM.Collect$$libinit$$00000025)
    __rt_lib_init_heap_1                     0x00000147   Thumb Code     0  libinit2.o(.ARM.Collect$$libinit$$0000000C)
    __rt_lib_init_lc_collate_1               0x00000147   Thumb Code     0  libinit2.o(.ARM.Collect$$libinit$$00000013)
    __rt_lib_init_lc_ctype_1                 0x00000147   Thumb Code     0  libinit2.o(.ARM.Collect$$libinit$$00000015)
    __rt_lib_init_lc_monetary_1              0x00000147   Thumb Code     0  libinit2.o(.ARM.Collect$$libinit$$00000017)
    __rt_lib_init_lc_numeric_1               0x00000147   Thumb Code     0  libinit2.o(.ARM.Collect$$libinit$$00000019)
    __rt_lib_init_lc_time_1                  0x00000147   Thumb Code     0  libinit2.o(.ARM.Collect$$libinit$$0000001B)
    __rt_lib_init_preinit_1                  0x00000147   Thumb Code     0  libinit2.o(.ARM.Collect$$libinit$$00000006)
    __rt_lib_init_rand_1                     0x00000147   Thumb Code     0  libinit2.o(.ARM.Collect$$libinit$$00000010)
    __rt_lib_init_relocate_pie_1             0x00000147   Thumb Code     0  libinit2.o(.ARM.Collect$$libinit$$00000004)
    __rt_lib_init_return                     0x00000147   Thumb Code     0  libinit2.o(.ARM.Collect$$libinit$$00000035)
    __rt_lib_init_signal_1                   0x00000147   Thumb Code     0  libinit2.o(.ARM.Collect$$libinit$$0000001F)
    __rt_lib_init_stdio_1                    0x00000147   Thumb Code     0  libinit2.o(.ARM.Collect$$libinit$$00000027)
    __rt_lib_init_user_alloc_1               0x00000147   Thumb Code     0  libinit2.o(.ARM.Collect$$libinit$$0000000E)
    __rt_lib_shutdown                        0x00000149   Thumb Code     0  libshutdown.o(.ARM.Collect$$libshutdown$$00000000)
    __rt_lib_shutdown_cpp_1                  0x0000014b   Thumb Code     0  libshutdown2.o(.ARM.Collect$$libshutdown$$00000002)
    __rt_lib_shutdown_fp_trap_1              0x0000014b   Thumb Code     0  libshutdown2.o(.ARM.Collect$$libshutdown$$00000007)
    __rt_lib_shutdown_heap_1                 0x0000014b   Thumb Code     0  libshutdown2.o(.ARM.Collect$$libshutdown$$0000000F)
    __rt_lib_shutdown_return                 0x0000014b   Thumb Code     0  libshutdown2.o(.ARM.Collect$$libshutdown$$00000010)
    __rt_lib_shutdown_signal_1               0x0000014b   Thumb Code     0  libshutdown2.o(.ARM.Collect$$libshutdown$$0000000A)
    __rt_lib_shutdown_stdio_1                0x0000014b   Thumb Code     0  libshutdown2.o(.ARM.Collect$$libshutdown$$00000004)
    __rt_lib_shutdown_user_alloc_1           0x0000014b   Thumb Code     0  libshutdown2.o(.ARM.Collect$$libshutdown$$0000000C)
    __rt_entry                               0x0000014d   Thumb Code     0  __rtentry.o(.ARM.Collect$$rtentry$$00000000)
    __rt_entry_presh_1                       0x0000014d   Thumb Code     0  __rtentry2.o(.ARM.Collect$$rtentry$$00000002)
    __rt_entry_sh                            0x0000014d   Thumb Code     0  __rtentry4.o(.ARM.Collect$$rtentry$$00000004)
    __rt_entry_li                            0x00000153   Thumb Code     0  __rtentry2.o(.ARM.Collect$$rtentry$$0000000A)
    __rt_entry_postsh_1                      0x00000153   Thumb Code     0  __rtentry2.o(.ARM.Collect$$rtentry$$00000009)
    __rt_entry_main                          0x00000157   Thumb Code     0  __rtentry2.o(.ARM.Collect$$rtentry$$0000000D)
    __rt_entry_postli_1                      0x00000157   Thumb Code     0  __rtentry2.o(.ARM.Collect$$rtentry$$0000000C)
    __rt_exit                                0x0000015f   Thumb Code     0  rtexit.o(.ARM.Collect$$rtexit$$00000000)
    __rt_exit_ls                             0x00000161   Thumb Code     0  rtexit2.o(.ARM.Collect$$rtexit$$00000003)
    __rt_exit_prels_1                        0x00000161   Thumb Code     0  rtexit2.o(.ARM.Collect$$rtexit$$00000002)
    __rt_exit_exit                           0x00000165   Thumb Code     0  rtexit2.o(.ARM.Collect$$rtexit$$00000004)
    Reset_Handler                            0x0000016d   Thumb Code     4  startup_mspm0g350x_uvision.o(.text)
    NMI_Handler                              0x00000171   Thumb Code     2  startup_mspm0g350x_uvision.o(.text)
    HardFault_Handler                        0x00000173   Thumb Code     2  startup_mspm0g350x_uvision.o(.text)
    SVC_Handler                              0x00000175   Thumb Code     2  startup_mspm0g350x_uvision.o(.text)
    PendSV_Handler                           0x00000177   Thumb Code     2  startup_mspm0g350x_uvision.o(.text)
    ADC0_IRQHandler                          0x0000017b   Thumb Code     0  startup_mspm0g350x_uvision.o(.text)
    ADC1_IRQHandler                          0x0000017b   Thumb Code     0  startup_mspm0g350x_uvision.o(.text)
    AES_IRQHandler                           0x0000017b   Thumb Code     0  startup_mspm0g350x_uvision.o(.text)
    CANFD0_IRQHandler                        0x0000017b   Thumb Code     0  startup_mspm0g350x_uvision.o(.text)
    DAC0_IRQHandler                          0x0000017b   Thumb Code     0  startup_mspm0g350x_uvision.o(.text)
    DMA_IRQHandler                           0x0000017b   Thumb Code     0  startup_mspm0g350x_uvision.o(.text)
    Default_Handler                          0x0000017b   Thumb Code     2  startup_mspm0g350x_uvision.o(.text)
    GROUP0_IRQHandler                        0x0000017b   Thumb Code     0  startup_mspm0g350x_uvision.o(.text)
    GROUP1_IRQHandler                        0x0000017b   Thumb Code     0  startup_mspm0g350x_uvision.o(.text)
    I2C0_IRQHandler                          0x0000017b   Thumb Code     0  startup_mspm0g350x_uvision.o(.text)
    I2C1_IRQHandler                          0x0000017b   Thumb Code     0  startup_mspm0g350x_uvision.o(.text)
    RTC_IRQHandler                           0x0000017b   Thumb Code     0  startup_mspm0g350x_uvision.o(.text)
    SPI0_IRQHandler                          0x0000017b   Thumb Code     0  startup_mspm0g350x_uvision.o(.text)
    SPI1_IRQHandler                          0x0000017b   Thumb Code     0  startup_mspm0g350x_uvision.o(.text)
    TIMA0_IRQHandler                         0x0000017b   Thumb Code     0  startup_mspm0g350x_uvision.o(.text)
    TIMA1_IRQHandler                         0x0000017b   Thumb Code     0  startup_mspm0g350x_uvision.o(.text)
    TIMG0_IRQHandler                         0x0000017b   Thumb Code     0  startup_mspm0g350x_uvision.o(.text)
    TIMG12_IRQHandler                        0x0000017b   Thumb Code     0  startup_mspm0g350x_uvision.o(.text)
    TIMG6_IRQHandler                         0x0000017b   Thumb Code     0  startup_mspm0g350x_uvision.o(.text)
    TIMG7_IRQHandler                         0x0000017b   Thumb Code     0  startup_mspm0g350x_uvision.o(.text)
    TIMG8_IRQHandler                         0x0000017b   Thumb Code     0  startup_mspm0g350x_uvision.o(.text)
    UART0_IRQHandler                         0x0000017b   Thumb Code     0  startup_mspm0g350x_uvision.o(.text)
    UART1_IRQHandler                         0x0000017b   Thumb Code     0  startup_mspm0g350x_uvision.o(.text)
    UART2_IRQHandler                         0x0000017b   Thumb Code     0  startup_mspm0g350x_uvision.o(.text)
    UART3_IRQHandler                         0x0000017b   Thumb Code     0  startup_mspm0g350x_uvision.o(.text)
    __user_initial_stackheap                 0x0000017d   Thumb Code    10  startup_mspm0g350x_uvision.o(.text)
    memcmp                                   0x0000019d   Thumb Code    90  memcmp.o(.text)
    __aeabi_uidivmod                         0x000001f9   Thumb Code    28  aeabi_sdivfast.o(.text)
    __aeabi_idivmod                          0x00000215   Thumb Code   472  aeabi_sdivfast.o(.text)
    __use_two_region_memory                  0x000003f1   Thumb Code     2  heapauxi.o(.text)
    __rt_heap_escrow$2region                 0x000003f3   Thumb Code     2  heapauxi.o(.text)
    __rt_heap_expand$2region                 0x000003f5   Thumb Code     2  heapauxi.o(.text)
    __aeabi_d2f                              0x000003f9   Thumb Code     0  d2f.o(.text)
    _d2f                                     0x000003f9   Thumb Code   120  d2f.o(.text)
    __aeabi_dadd                             0x0000076d   Thumb Code     0  daddsub.o(.text)
    _dadd                                    0x0000076d   Thumb Code    26  daddsub.o(.text)
    __aeabi_dsub                             0x00000787   Thumb Code     0  daddsub.o(.text)
    _dsub                                    0x00000787   Thumb Code    22  daddsub.o(.text)
    __aeabi_drsub                            0x0000079d   Thumb Code     0  daddsub.o(.text)
    _drsb                                    0x0000079d   Thumb Code    28  daddsub.o(.text)
    __aeabi_ddiv                             0x000007cd   Thumb Code     0  ddiv.o(.text)
    _ddiv                                    0x000007cd   Thumb Code  1072  ddiv.o(.text)
    _drdiv                                   0x00000bfd   Thumb Code    20  ddiv.o(.text)
    __aeabi_d2iz                             0x00000c15   Thumb Code     0  dfixi.o(.text)
    _dfix                                    0x00000c15   Thumb Code    98  dfixi.o(.text)
    __aeabi_dmul                             0x00000c81   Thumb Code     0  dmul.o(.text)
    _dmul                                    0x00000c81   Thumb Code   558  dmul.o(.text)
    __aeabi_f2d                              0x00000ec9   Thumb Code     0  f2d.o(.text)
    _f2d                                     0x00000ec9   Thumb Code    80  f2d.o(.text)
    __aeabi_fdiv                             0x00000f1d   Thumb Code     0  fdiv.o(.text)
    _fdiv                                    0x00000f1d   Thumb Code   334  fdiv.o(.text)
    _frdiv                                   0x0000106b   Thumb Code     8  fdiv.o(.text)
    __aeabi_f2iz                             0x0000107d   Thumb Code     0  ffixi.o(.text)
    _ffix                                    0x0000107d   Thumb Code    76  ffixi.o(.text)
    __aeabi_i2f_normalise                    0x000010c9   Thumb Code    72  fflti.o(.text)
    __aeabi_i2f                              0x00001111   Thumb Code    16  fflti.o(.text)
    _fflt                                    0x00001111   Thumb Code     0  fflti.o(.text)
    __aeabi_ui2f                             0x00001121   Thumb Code     6  fflti.o(.text)
    _ffltu                                   0x00001121   Thumb Code     0  fflti.o(.text)
    __read_errno                             0x00001127   Thumb Code    10  _rserrno.o(.text)
    __set_errno                              0x00001131   Thumb Code    12  _rserrno.o(.text)
    __ARM_scalbn                             0x0000113d   Thumb Code    84  dscalbn.o(.text)
    __aeabi_errno_addr                       0x0000119d   Thumb Code     8  rt_errno_addr_intlibspace.o(.text)
    __errno$intlibspace                      0x0000119d   Thumb Code     0  rt_errno_addr_intlibspace.o(.text)
    __rt_errno_addr$intlibspace              0x0000119d   Thumb Code     0  rt_errno_addr_intlibspace.o(.text)
    __fpl_dcmp_InfNaN                        0x000011a5   Thumb Code   154  dcmpin.o(.text)
    _dsqrt                                   0x00001245   Thumb Code   248  dsqrt.o(.text)
    __fpl_fcmp_InfNaN                        0x00001345   Thumb Code    96  fcmpin.o(.text)
    __user_libspace                          0x000013a9   Thumb Code     8  libspace.o(.text)
    __user_perproc_libspace                  0x000013a9   Thumb Code     0  libspace.o(.text)
    __user_perthread_libspace                0x000013a9   Thumb Code     0  libspace.o(.text)
    __user_setup_stackheap                   0x000013b1   Thumb Code    62  sys_stackheap_outer.o(.text)
    exit                                     0x000013ef   Thumb Code    16  exit.o(.text)
    __fpl_cmpreturn                          0x000013ff   Thumb Code    46  cmpret.o(.text)
    __fpl_dcheck_NaN2                        0x0000142d   Thumb Code    14  dnan2.o(.text)
    __fpl_fcheck_NaN2                        0x00001441   Thumb Code    10  fnan2.o(.text)
    __fpl_return_NaN                         0x00001451   Thumb Code    94  retnan.o(.text)
    _sys_exit                                0x000014b1   Thumb Code     8  sys_exit.o(.text)
    __I$use$semihosting                      0x000014bd   Thumb Code     0  use_no_semi.o(.text)
    __use_no_semihosting_swi                 0x000014bd   Thumb Code     2  use_no_semi.o(.text)
    __semihosting_library_function           0x000014bf   Thumb Code     0  indicate_semi.o(.text)
    DEBUG_printf                             0x000014c1   Thumb Code  1800  debug.o(.text.DEBUG_printf)
    DL_Common_delayCycles                    0x00001bd9   Thumb Code    10  dl_common.o(.text.DL_Common_delayCycles)
    DL_TimerA_initPWMMode                    0x00001be5   Thumb Code   108  dl_timer.o(.text.DL_TimerA_initPWMMode)
    DL_Timer_initPWMMode                     0x00001c55   Thumb Code   172  dl_timer.o(.text.DL_Timer_initPWMMode)
    DL_Timer_setCaptCompUpdateMethod         0x00001d1d   Thumb Code    24  dl_timer.o(.text.DL_Timer_setCaptCompUpdateMethod)
    DL_Timer_setCaptureCompareOutCtl         0x00001d39   Thumb Code    20  dl_timer.o(.text.DL_Timer_setCaptureCompareOutCtl)
    DL_Timer_setCaptureCompareValue          0x00001d51   Thumb Code    12  dl_timer.o(.text.DL_Timer_setCaptureCompareValue)
    DL_Timer_setClockConfig                  0x00001d61   Thumb Code    24  dl_timer.o(.text.DL_Timer_setClockConfig)
    DL_UART_init                             0x00001d7d   Thumb Code    64  dl_uart.o(.text.DL_UART_init)
    DL_UART_setClockConfig                   0x00001dc5   Thumb Code    18  dl_uart.o(.text.DL_UART_setClockConfig)
    DL_UART_transmitDataBlocking             0x00001dd9   Thumb Code    32  dl_uart.o(.text.DL_UART_transmitDataBlocking)
    Delay_init                               0x00001dfd   Thumb Code     8  delay.o(.text.Delay_init)
    Delay_ms                                 0x00001e05   Thumb Code    48  delay.o(.text.Delay_ms)
    Delay_us                                 0x00001e39   Thumb Code    72  delay.o(.text.Delay_us)
    MPU6050_Init                             0x00001e81   Thumb Code   292  bsp_mpu6050.o(.text.MPU6050_Init)
    MPU6050_ReadData                         0x00001fbd   Thumb Code   884  bsp_mpu6050.o(.text.MPU6050_ReadData)
    MPU6050_WriteReg                         0x00002341   Thumb Code   828  bsp_mpu6050.o(.text.MPU6050_WriteReg)
    Read_Byte                                0x0000268d   Thumb Code   316  bsp_mpu6050.o(.text.Read_Byte)
    SYSCFG_DL_GPIO_init                      0x000027d9   Thumb Code   116  ti_msp_dl_config.o(.text.SYSCFG_DL_GPIO_init)
    SYSCFG_DL_PWM_ain1_init                  0x0000286d   Thumb Code    72  ti_msp_dl_config.o(.text.SYSCFG_DL_PWM_ain1_init)
    SYSCFG_DL_PWM_ain2_init                  0x000028c5   Thumb Code    76  ti_msp_dl_config.o(.text.SYSCFG_DL_PWM_ain2_init)
    SYSCFG_DL_PWM_bin1_init                  0x00002921   Thumb Code    72  ti_msp_dl_config.o(.text.SYSCFG_DL_PWM_bin1_init)
    SYSCFG_DL_PWM_bin2_init                  0x00002979   Thumb Code    76  ti_msp_dl_config.o(.text.SYSCFG_DL_PWM_bin2_init)
    SYSCFG_DL_SYSCTL_init                    0x000029d5   Thumb Code    72  ti_msp_dl_config.o(.text.SYSCFG_DL_SYSCTL_init)
    SYSCFG_DL_SYSTICK_init                   0x00002a29   Thumb Code    36  ti_msp_dl_config.o(.text.SYSCFG_DL_SYSTICK_init)
    SYSCFG_DL_UART_1_init                    0x00002a59   Thumb Code    76  ti_msp_dl_config.o(.text.SYSCFG_DL_UART_1_init)
    SYSCFG_DL_init                           0x00002ab9   Thumb Code    60  ti_msp_dl_config.o(.text.SYSCFG_DL_init)
    SYSCFG_DL_initPower                      0x00002b01   Thumb Code    60  ti_msp_dl_config.o(.text.SYSCFG_DL_initPower)
    Send_Byte                                0x00002b61   Thumb Code   316  bsp_mpu6050.o(.text.Send_Byte)
    SysTick_Handler                          0x00002ca5   Thumb Code    12  delay.o(.text.SysTick_Handler)
    dmp_enable_feature                       0x00002cb5   Thumb Code   604  inv_mpu_dmp_motion_driver.o(.text.dmp_enable_feature)
    dmp_load_motion_driver_firmware          0x00002f39   Thumb Code    20  inv_mpu_dmp_motion_driver.o(.text.dmp_load_motion_driver_firmware)
    dmp_read_fifo                            0x00002f55   Thumb Code   416  inv_mpu_dmp_motion_driver.o(.text.dmp_read_fifo)
    dmp_set_fifo_rate                        0x0000310d   Thumb Code    84  inv_mpu_dmp_motion_driver.o(.text.dmp_set_fifo_rate)
    dmp_set_orientation                      0x00003179   Thumb Code   192  inv_mpu_dmp_motion_driver.o(.text.dmp_set_orientation)
    dmp_set_tap_thresh                       0x00003251   Thumb Code   304  inv_mpu_dmp_motion_driver.o(.text.dmp_set_tap_thresh)
    inv_orientation_matrix_to_scalar         0x00003395   Thumb Code   188  inv_mpu.o(.text.inv_orientation_matrix_to_scalar)
    main                                     0x00003451   Thumb Code    48  empty.o(.text.main)
    mget_ms                                  0x000034ad   Thumb Code     2  inv_mpu.o(.text.mget_ms)
    mpu_6050_test                            0x000034b1   Thumb Code   124  test_logs.o(.text.mpu_6050_test)
    mpu_configure_fifo                       0x00003589   Thumb Code   156  inv_mpu.o(.text.mpu_configure_fifo)
    mpu_dmp_get_data                         0x00003625   Thumb Code   448  inv_mpu.o(.text.mpu_dmp_get_data)
    mpu_dmp_init                             0x000037ed   Thumb Code   208  inv_mpu.o(.text.mpu_dmp_init)
    mpu_get_accel_fsr                        0x000038c1   Thumb Code    40  inv_mpu.o(.text.mpu_get_accel_fsr)
    mpu_init                                 0x000038f5   Thumb Code   324  inv_mpu.o(.text.mpu_init)
    mpu_load_firmware                        0x00003a8d   Thumb Code   292  inv_mpu.o(.text.mpu_load_firmware)
    mpu_lp_accel_mode                        0x00003bb5   Thumb Code   512  inv_mpu.o(.text.mpu_lp_accel_mode)
    mpu_read_fifo_stream                     0x00003db5   Thumb Code   160  inv_mpu.o(.text.mpu_read_fifo_stream)
    mpu_reset_fifo                           0x00003e59   Thumb Code   328  inv_mpu.o(.text.mpu_reset_fifo)
    mpu_set_accel_fsr                        0x00003fa5   Thumb Code   124  inv_mpu.o(.text.mpu_set_accel_fsr)
    mpu_set_bypass                           0x00004021   Thumb Code   220  inv_mpu.o(.text.mpu_set_bypass)
    mpu_set_dmp_state                        0x00004101   Thumb Code   204  inv_mpu.o(.text.mpu_set_dmp_state)
    mpu_set_lpf                              0x000041cd   Thumb Code   116  inv_mpu.o(.text.mpu_set_lpf)
    mpu_set_sample_rate                      0x00004245   Thumb Code   224  inv_mpu.o(.text.mpu_set_sample_rate)
    mpu_set_sensors                          0x00004329   Thumb Code   220  inv_mpu.o(.text.mpu_set_sensors)
    mpu_write_mem                            0x00004409   Thumb Code    96  inv_mpu.o(.text.mpu_write_mem)
    __aeabi_uidiv                            0x0000446d   Thumb Code    68  aeabi_sdivfast.o(.text_divfast)
    __aeabi_idiv                             0x000044b1   Thumb Code   434  aeabi_sdivfast.o(.text_divfast)
    __ARM_fpclassify                         0x00004665   Thumb Code    40  fpclassify.o(i.__ARM_fpclassify)
    __kernel_poly                            0x00004691   Thumb Code   172  poly.o(i.__kernel_poly)
    __mathlib_dbl_infnan                     0x0000473d   Thumb Code    10  dunder.o(i.__mathlib_dbl_infnan)
    __mathlib_dbl_infnan2                    0x00004747   Thumb Code     8  dunder.o(i.__mathlib_dbl_infnan2)
    __mathlib_dbl_invalid                    0x0000474f   Thumb Code    16  dunder.o(i.__mathlib_dbl_invalid)
    __mathlib_dbl_underflow                  0x00004761   Thumb Code    14  dunder.o(i.__mathlib_dbl_underflow)
    __aeabi_fcmpge                           0x00004775   Thumb Code     0  fcmp.o(i._fgeq)
    _fgeq                                    0x00004775   Thumb Code    22  fcmp.o(i._fgeq)
    asin                                     0x0000478d   Thumb Code   574  asin.o(i.asin)
    atan                                     0x00004a01   Thumb Code   472  atan.o(i.atan)
    atan2                                    0x00004c1d   Thumb Code   372  atan2.o(i.atan2)
    sqrt                                     0x00004db9   Thumb Code    66  sqrt.o(i.sqrt)
    __aeabi_cdcmpeq                          0x00004e01   Thumb Code     0  deqf.o(x$fpl$deqf)
    _dcmpeq                                  0x00004e01   Thumb Code    94  deqf.o(x$fpl$deqf)
    __aeabi_fadd                             0x00004e65   Thumb Code     0  faddsub.o(x$fpl$fadd)
    _fadd                                    0x00004e65   Thumb Code   134  faddsub.o(x$fpl$fadd)
    _fcmpge                                  0x00004ef1   Thumb Code    78  fgef.o(x$fpl$fgeqf)
    __aeabi_fmul                             0x00004f45   Thumb Code     0  fmul.o(x$fpl$fmul)
    _fmul                                    0x00004f45   Thumb Code   172  fmul.o(x$fpl$fmul)
    __aeabi_fsub                             0x00004ff5   Thumb Code     0  faddsub.o(x$fpl$fsub)
    _fsub                                    0x00004ff5   Thumb Code   204  faddsub.o(x$fpl$fsub)
    __I$use$fp                               0x000050c4   Number         0  usenofp.o(x$fpl$usenofp)
    __mathlib_zero                           0x00005270   Data           8  qnan.o(.constdata)
    hw                                       0x00005eb0   Data          12  inv_mpu.o(.rodata.hw)
    reg                                      0x00005ebc   Data          27  inv_mpu.o(.rodata.reg)
    test                                     0x00005f78   Data          40  inv_mpu.o(.rodata.test)
    Region$$Table$$Base                      0x00005fa0   Number         0  anon$$obj.o(Region$$Table)
    Region$$Table$$Limit                     0x00005fc0   Number         0  anon$$obj.o(Region$$Table)
    __libspace_start                         0x20200038   Data          96  libspace.o(.bss)
    __temporary_stack_top$libspace           0x20200098   Data           0  libspace.o(.bss)
    gPWM_ain1Backup                          0x202000ac   Data         120  ti_msp_dl_config.o(.bss.gPWM_ain1Backup)
    gPWM_bin1Backup                          0x20200124   Data         188  ti_msp_dl_config.o(.bss.gPWM_bin1Backup)
    gPWM_bin2Backup                          0x202001e0   Data         188  ti_msp_dl_config.o(.bss.gPWM_bin2Backup)
    g_systickCount                           0x2020029c   Data           4  delay.o(.bss.g_systickCount)



==============================================================================

Memory Map of the image

  Image Entry point : 0x000000c1

  Load Region LR_IROM1 (Base: 0x00000000, Size: 0x00005ff8, Max: 0x00020000, ABSOLUTE)

    Execution Region ER_IROM1 (Exec base: 0x00000000, Load base: 0x00000000, Size: 0x00005fc0, Max: 0x00020000, ABSOLUTE)

    Exec Addr    Load Addr    Size         Type   Attr      Idx    E Section Name        Object

    0x00000000   0x00000000   0x000000c0   Data   RO           12    RESET               startup_mspm0g350x_uvision.o
    0x000000c0   0x000000c0   0x00000008   Code   RO          578  * !!!main             c_p.l(__main.o)
    0x000000c8   0x000000c8   0x0000003c   Code   RO          872    !!!scatter          c_p.l(__scatter.o)
    0x00000104   0x00000104   0x00000004   PAD
    0x00000108   0x00000108   0x0000001a   Code   RO          874    !!handler_copy      c_p.l(__scatter_copy.o)
    0x00000122   0x00000122   0x00000006   PAD
    0x00000128   0x00000128   0x0000001c   Code   RO          876    !!handler_zi        c_p.l(__scatter_zi.o)
    0x00000144   0x00000144   0x00000002   Code   RO          728    .ARM.Collect$$libinit$$00000000  c_p.l(libinit.o)
    0x00000146   0x00000146   0x00000000   Code   RO          745    .ARM.Collect$$libinit$$00000002  c_p.l(libinit2.o)
    0x00000146   0x00000146   0x00000000   Code   RO          747    .ARM.Collect$$libinit$$00000004  c_p.l(libinit2.o)
    0x00000146   0x00000146   0x00000000   Code   RO          749    .ARM.Collect$$libinit$$00000006  c_p.l(libinit2.o)
    0x00000146   0x00000146   0x00000000   Code   RO          752    .ARM.Collect$$libinit$$0000000C  c_p.l(libinit2.o)
    0x00000146   0x00000146   0x00000000   Code   RO          754    .ARM.Collect$$libinit$$0000000E  c_p.l(libinit2.o)
    0x00000146   0x00000146   0x00000000   Code   RO          756    .ARM.Collect$$libinit$$00000010  c_p.l(libinit2.o)
    0x00000146   0x00000146   0x00000000   Code   RO          759    .ARM.Collect$$libinit$$00000013  c_p.l(libinit2.o)
    0x00000146   0x00000146   0x00000000   Code   RO          761    .ARM.Collect$$libinit$$00000015  c_p.l(libinit2.o)
    0x00000146   0x00000146   0x00000000   Code   RO          763    .ARM.Collect$$libinit$$00000017  c_p.l(libinit2.o)
    0x00000146   0x00000146   0x00000000   Code   RO          765    .ARM.Collect$$libinit$$00000019  c_p.l(libinit2.o)
    0x00000146   0x00000146   0x00000000   Code   RO          767    .ARM.Collect$$libinit$$0000001B  c_p.l(libinit2.o)
    0x00000146   0x00000146   0x00000000   Code   RO          769    .ARM.Collect$$libinit$$0000001D  c_p.l(libinit2.o)
    0x00000146   0x00000146   0x00000000   Code   RO          771    .ARM.Collect$$libinit$$0000001F  c_p.l(libinit2.o)
    0x00000146   0x00000146   0x00000000   Code   RO          773    .ARM.Collect$$libinit$$00000021  c_p.l(libinit2.o)
    0x00000146   0x00000146   0x00000000   Code   RO          775    .ARM.Collect$$libinit$$00000023  c_p.l(libinit2.o)
    0x00000146   0x00000146   0x00000000   Code   RO          777    .ARM.Collect$$libinit$$00000025  c_p.l(libinit2.o)
    0x00000146   0x00000146   0x00000000   Code   RO          779    .ARM.Collect$$libinit$$00000027  c_p.l(libinit2.o)
    0x00000146   0x00000146   0x00000000   Code   RO          783    .ARM.Collect$$libinit$$0000002E  c_p.l(libinit2.o)
    0x00000146   0x00000146   0x00000000   Code   RO          785    .ARM.Collect$$libinit$$00000030  c_p.l(libinit2.o)
    0x00000146   0x00000146   0x00000000   Code   RO          787    .ARM.Collect$$libinit$$00000032  c_p.l(libinit2.o)
    0x00000146   0x00000146   0x00000000   Code   RO          789    .ARM.Collect$$libinit$$00000034  c_p.l(libinit2.o)
    0x00000146   0x00000146   0x00000002   Code   RO          790    .ARM.Collect$$libinit$$00000035  c_p.l(libinit2.o)
    0x00000148   0x00000148   0x00000002   Code   RO          827    .ARM.Collect$$libshutdown$$00000000  c_p.l(libshutdown.o)
    0x0000014a   0x0000014a   0x00000000   Code   RO          855    .ARM.Collect$$libshutdown$$00000002  c_p.l(libshutdown2.o)
    0x0000014a   0x0000014a   0x00000000   Code   RO          857    .ARM.Collect$$libshutdown$$00000004  c_p.l(libshutdown2.o)
    0x0000014a   0x0000014a   0x00000000   Code   RO          860    .ARM.Collect$$libshutdown$$00000007  c_p.l(libshutdown2.o)
    0x0000014a   0x0000014a   0x00000000   Code   RO          863    .ARM.Collect$$libshutdown$$0000000A  c_p.l(libshutdown2.o)
    0x0000014a   0x0000014a   0x00000000   Code   RO          865    .ARM.Collect$$libshutdown$$0000000C  c_p.l(libshutdown2.o)
    0x0000014a   0x0000014a   0x00000000   Code   RO          868    .ARM.Collect$$libshutdown$$0000000F  c_p.l(libshutdown2.o)
    0x0000014a   0x0000014a   0x00000002   Code   RO          869    .ARM.Collect$$libshutdown$$00000010  c_p.l(libshutdown2.o)
    0x0000014c   0x0000014c   0x00000000   Code   RO          631    .ARM.Collect$$rtentry$$00000000  c_p.l(__rtentry.o)
    0x0000014c   0x0000014c   0x00000000   Code   RO          684    .ARM.Collect$$rtentry$$00000002  c_p.l(__rtentry2.o)
    0x0000014c   0x0000014c   0x00000006   Code   RO          696    .ARM.Collect$$rtentry$$00000004  c_p.l(__rtentry4.o)
    0x00000152   0x00000152   0x00000000   Code   RO          686    .ARM.Collect$$rtentry$$00000009  c_p.l(__rtentry2.o)
    0x00000152   0x00000152   0x00000004   Code   RO          687    .ARM.Collect$$rtentry$$0000000A  c_p.l(__rtentry2.o)
    0x00000156   0x00000156   0x00000000   Code   RO          689    .ARM.Collect$$rtentry$$0000000C  c_p.l(__rtentry2.o)
    0x00000156   0x00000156   0x00000008   Code   RO          690    .ARM.Collect$$rtentry$$0000000D  c_p.l(__rtentry2.o)
    0x0000015e   0x0000015e   0x00000002   Code   RO          736    .ARM.Collect$$rtexit$$00000000  c_p.l(rtexit.o)
    0x00000160   0x00000160   0x00000000   Code   RO          798    .ARM.Collect$$rtexit$$00000002  c_p.l(rtexit2.o)
    0x00000160   0x00000160   0x00000004   Code   RO          799    .ARM.Collect$$rtexit$$00000003  c_p.l(rtexit2.o)
    0x00000164   0x00000164   0x00000006   Code   RO          800    .ARM.Collect$$rtexit$$00000004  c_p.l(rtexit2.o)
    0x0000016a   0x0000016a   0x00000002   PAD
    0x0000016c   0x0000016c   0x00000030   Code   RO           13    .text               startup_mspm0g350x_uvision.o
    0x0000019c   0x0000019c   0x0000005a   Code   RO          566    .text               c_p.l(memcmp.o)
    0x000001f6   0x000001f6   0x00000002   PAD
    0x000001f8   0x000001f8   0x000001f8   Code   RO          568    .text               c_p.l(aeabi_sdivfast.o)
    0x000003f0   0x000003f0   0x00000006   Code   RO          576    .text               c_p.l(heapauxi.o)
    0x000003f6   0x000003f6   0x00000002   PAD
    0x000003f8   0x000003f8   0x0000007c   Code   RO          580    .text               fz_ps.l(d2f.o)
    0x00000474   0x00000474   0x00000358   Code   RO          582    .text               fz_ps.l(daddsub.o)
    0x000007cc   0x000007cc   0x00000448   Code   RO          584    .text               fz_ps.l(ddiv.o)
    0x00000c14   0x00000c14   0x0000006c   Code   RO          587    .text               fz_ps.l(dfixi.o)
    0x00000c80   0x00000c80   0x00000248   Code   RO          591    .text               fz_ps.l(dmul.o)
    0x00000ec8   0x00000ec8   0x00000054   Code   RO          593    .text               fz_ps.l(f2d.o)
    0x00000f1c   0x00000f1c   0x00000160   Code   RO          613    .text               fz_ps.l(fdiv.o)
    0x0000107c   0x0000107c   0x0000004c   Code   RO          616    .text               fz_ps.l(ffixi.o)
    0x000010c8   0x000010c8   0x0000005e   Code   RO          618    .text               fz_ps.l(fflti.o)
    0x00001126   0x00001126   0x00000016   Code   RO          642    .text               c_p.l(_rserrno.o)
    0x0000113c   0x0000113c   0x00000060   Code   RO          646    .text               fz_ps.l(dscalbn.o)
    0x0000119c   0x0000119c   0x00000008   Code   RO          703    .text               c_p.l(rt_errno_addr_intlibspace.o)
    0x000011a4   0x000011a4   0x000000a0   Code   RO          705    .text               fz_ps.l(dcmpin.o)
    0x00001244   0x00001244   0x00000100   Code   RO          707    .text               fz_ps.l(dsqrt.o)
    0x00001344   0x00001344   0x00000064   Code   RO          709    .text               fz_ps.l(fcmpin.o)
    0x000013a8   0x000013a8   0x00000008   Code   RO          711    .text               c_p.l(libspace.o)
    0x000013b0   0x000013b0   0x0000003e   Code   RO          714    .text               c_p.l(sys_stackheap_outer.o)
    0x000013ee   0x000013ee   0x00000010   Code   RO          717    .text               c_p.l(exit.o)
    0x000013fe   0x000013fe   0x0000002e   Code   RO          729    .text               fz_ps.l(cmpret.o)
    0x0000142c   0x0000142c   0x00000014   Code   RO          731    .text               fz_ps.l(dnan2.o)
    0x00001440   0x00001440   0x00000010   Code   RO          733    .text               fz_ps.l(fnan2.o)
    0x00001450   0x00001450   0x0000005e   Code   RO          791    .text               fz_ps.l(retnan.o)
    0x000014ae   0x000014ae   0x00000002   PAD
    0x000014b0   0x000014b0   0x0000000c   Code   RO          793    .text               c_p.l(sys_exit.o)
    0x000014bc   0x000014bc   0x00000002   Code   RO          816    .text               c_p.l(use_no_semi.o)
    0x000014be   0x000014be   0x00000000   Code   RO          818    .text               c_p.l(indicate_semi.o)
    0x000014be   0x000014be   0x00000002   PAD
    0x000014c0   0x000014c0   0x00000718   Code   RO           93    .text.DEBUG_printf  debug.o
    0x00001bd8   0x00001bd8   0x0000000a   Code   RO          283    .text.DL_Common_delayCycles  dl_common.o
    0x00001be2   0x00001be2   0x00000002   PAD
    0x00001be4   0x00001be4   0x00000070   Code   RO          262    .text.DL_TimerA_initPWMMode  dl_timer.o
    0x00001c54   0x00001c54   0x000000c8   Code   RO          222    .text.DL_Timer_initPWMMode  dl_timer.o
    0x00001d1c   0x00001d1c   0x0000001c   Code   RO          236    .text.DL_Timer_setCaptCompUpdateMethod  dl_timer.o
    0x00001d38   0x00001d38   0x00000018   Code   RO          226    .text.DL_Timer_setCaptureCompareOutCtl  dl_timer.o
    0x00001d50   0x00001d50   0x00000010   Code   RO          206    .text.DL_Timer_setCaptureCompareValue  dl_timer.o
    0x00001d60   0x00001d60   0x0000001c   Code   RO          200    .text.DL_Timer_setClockConfig  dl_timer.o
    0x00001d7c   0x00001d7c   0x00000048   Code   RO          291    .text.DL_UART_init  dl_uart.o
    0x00001dc4   0x00001dc4   0x00000012   Code   RO          293    .text.DL_UART_setClockConfig  dl_uart.o
    0x00001dd6   0x00001dd6   0x00000002   PAD
    0x00001dd8   0x00001dd8   0x00000024   Code   RO          305    .text.DL_UART_transmitDataBlocking  dl_uart.o
    0x00001dfc   0x00001dfc   0x00000008   Code   RO          106    .text.Delay_init    delay.o
    0x00001e04   0x00001e04   0x00000034   Code   RO          108    .text.Delay_ms      delay.o
    0x00001e38   0x00001e38   0x00000048   Code   RO          110    .text.Delay_us      delay.o
    0x00001e80   0x00001e80   0x0000013c   Code   RO          438    .text.MPU6050_Init  bsp_mpu6050.o
    0x00001fbc   0x00001fbc   0x00000384   Code   RO          420    .text.MPU6050_ReadData  bsp_mpu6050.o
    0x00002340   0x00002340   0x0000034c   Code   RO          418    .text.MPU6050_WriteReg  bsp_mpu6050.o
    0x0000268c   0x0000268c   0x0000014c   Code   RO          416    .text.Read_Byte     bsp_mpu6050.o
    0x000027d8   0x000027d8   0x00000094   Code   RO           24    .text.SYSCFG_DL_GPIO_init  ti_msp_dl_config.o
    0x0000286c   0x0000286c   0x00000058   Code   RO           32    .text.SYSCFG_DL_PWM_ain1_init  ti_msp_dl_config.o
    0x000028c4   0x000028c4   0x0000005c   Code   RO           34    .text.SYSCFG_DL_PWM_ain2_init  ti_msp_dl_config.o
    0x00002920   0x00002920   0x00000058   Code   RO           28    .text.SYSCFG_DL_PWM_bin1_init  ti_msp_dl_config.o
    0x00002978   0x00002978   0x0000005c   Code   RO           30    .text.SYSCFG_DL_PWM_bin2_init  ti_msp_dl_config.o
    0x000029d4   0x000029d4   0x00000054   Code   RO           26    .text.SYSCFG_DL_SYSCTL_init  ti_msp_dl_config.o
    0x00002a28   0x00002a28   0x00000030   Code   RO           38    .text.SYSCFG_DL_SYSTICK_init  ti_msp_dl_config.o
    0x00002a58   0x00002a58   0x00000060   Code   RO           36    .text.SYSCFG_DL_UART_1_init  ti_msp_dl_config.o
    0x00002ab8   0x00002ab8   0x00000048   Code   RO           20    .text.SYSCFG_DL_init  ti_msp_dl_config.o
    0x00002b00   0x00002b00   0x00000060   Code   RO           22    .text.SYSCFG_DL_initPower  ti_msp_dl_config.o
    0x00002b60   0x00002b60   0x00000144   Code   RO          414    .text.Send_Byte     bsp_mpu6050.o
    0x00002ca4   0x00002ca4   0x00000010   Code   RO          104    .text.SysTick_Handler  delay.o
    0x00002cb4   0x00002cb4   0x00000284   Code   RO          367    .text.dmp_enable_feature  inv_mpu_dmp_motion_driver.o
    0x00002f38   0x00002f38   0x0000001c   Code   RO          331    .text.dmp_load_motion_driver_firmware  inv_mpu_dmp_motion_driver.o
    0x00002f54   0x00002f54   0x000001b8   Code   RO          379    .text.dmp_read_fifo  inv_mpu_dmp_motion_driver.o
    0x0000310c   0x0000310c   0x0000006c   Code   RO          339    .text.dmp_set_fifo_rate  inv_mpu_dmp_motion_driver.o
    0x00003178   0x00003178   0x000000d8   Code   RO          333    .text.dmp_set_orientation  inv_mpu_dmp_motion_driver.o
    0x00003250   0x00003250   0x00000144   Code   RO          343    .text.dmp_set_tap_thresh  inv_mpu_dmp_motion_driver.o
    0x00003394   0x00003394   0x000000bc   Code   RO          537    .text.inv_orientation_matrix_to_scalar  inv_mpu.o
    0x00003450   0x00003450   0x0000005c   Code   RO            2    .text.main          empty.o
    0x000034ac   0x000034ac   0x00000002   Code   RO          475    .text.mget_ms       inv_mpu.o
    0x000034ae   0x000034ae   0x00000002   PAD
    0x000034b0   0x000034b0   0x000000d8   Code   RO          148    .text.mpu_6050_test  test_logs.o
    0x00003588   0x00003588   0x0000009c   Code   RO          463    .text.mpu_configure_fifo  inv_mpu.o
    0x00003624   0x00003624   0x000001c8   Code   RO          543    .text.mpu_dmp_get_data  inv_mpu.o
    0x000037ec   0x000037ec   0x000000d4   Code   RO          541    .text.mpu_dmp_init  inv_mpu.o
    0x000038c0   0x000038c0   0x00000034   Code   RO          487    .text.mpu_get_accel_fsr  inv_mpu.o
    0x000038f4   0x000038f4   0x00000198   Code   RO          453    .text.mpu_init      inv_mpu.o
    0x00003a8c   0x00003a8c   0x00000128   Code   RO          523    .text.mpu_load_firmware  inv_mpu.o
    0x00003bb4   0x00003bb4   0x00000200   Code   RO          469    .text.mpu_lp_accel_mode  inv_mpu.o
    0x00003db4   0x00003db4   0x000000a4   Code   RO          509    .text.mpu_read_fifo_stream  inv_mpu.o
    0x00003e58   0x00003e58   0x0000014c   Code   RO          483    .text.mpu_reset_fifo  inv_mpu.o
    0x00003fa4   0x00003fa4   0x0000007c   Code   RO          457    .text.mpu_set_accel_fsr  inv_mpu.o
    0x00004020   0x00004020   0x000000e0   Code   RO          465    .text.mpu_set_bypass  inv_mpu.o
    0x00004100   0x00004100   0x000000cc   Code   RO          515    .text.mpu_set_dmp_state  inv_mpu.o
    0x000041cc   0x000041cc   0x00000078   Code   RO          459    .text.mpu_set_lpf   inv_mpu.o
    0x00004244   0x00004244   0x000000e4   Code   RO          461    .text.mpu_set_sample_rate  inv_mpu.o
    0x00004328   0x00004328   0x000000e0   Code   RO          467    .text.mpu_set_sensors  inv_mpu.o
    0x00004408   0x00004408   0x00000064   Code   RO          519    .text.mpu_write_mem  inv_mpu.o
    0x0000446c   0x0000446c   0x000001f6   Code   RO          569    .text_divfast       c_p.l(aeabi_sdivfast.o)
    0x00004662   0x00004662   0x00000002   PAD
    0x00004664   0x00004664   0x0000002c   Code   RO          674    i.__ARM_fpclassify  m_ps.l(fpclassify.o)
    0x00004690   0x00004690   0x000000ac   Code   RO          676    i.__kernel_poly     m_ps.l(poly.o)
    0x0000473c   0x0000473c   0x0000000a   Code   RO          661    i.__mathlib_dbl_infnan  m_ps.l(dunder.o)
    0x00004746   0x00004746   0x00000008   Code   RO          662    i.__mathlib_dbl_infnan2  m_ps.l(dunder.o)
    0x0000474e   0x0000474e   0x00000010   Code   RO          663    i.__mathlib_dbl_invalid  m_ps.l(dunder.o)
    0x0000475e   0x0000475e   0x00000002   PAD
    0x00004760   0x00004760   0x00000014   Code   RO          666    i.__mathlib_dbl_underflow  m_ps.l(dunder.o)
    0x00004774   0x00004774   0x00000016   Code   RO          602    i._fgeq             fz_ps.l(fcmp.o)
    0x0000478a   0x0000478a   0x00000002   PAD
    0x0000478c   0x0000478c   0x00000274   Code   RO          623    i.asin              m_ps.l(asin.o)
    0x00004a00   0x00004a00   0x0000021c   Code   RO          656    i.atan              m_ps.l(atan.o)
    0x00004c1c   0x00004c1c   0x0000019c   Code   RO          628    i.atan2             m_ps.l(atan2.o)
    0x00004db8   0x00004db8   0x00000048   Code   RO          680    i.sqrt              m_ps.l(sqrt.o)
    0x00004e00   0x00004e00   0x00000064   Code   RO          644    x$fpl$deqf          fz_ps.l(deqf.o)
    0x00004e64   0x00004e64   0x0000008c   Code   RO          595    x$fpl$fadd          fz_ps.l(faddsub.o)
    0x00004ef0   0x00004ef0   0x00000054   Code   RO          650    x$fpl$fgeqf         fz_ps.l(fgef.o)
    0x00004f44   0x00004f44   0x000000b0   Code   RO          620    x$fpl$fmul          fz_ps.l(fmul.o)
    0x00004ff4   0x00004ff4   0x000000d0   Code   RO          597    x$fpl$fsub          fz_ps.l(faddsub.o)
    0x000050c4   0x000050c4   0x00000000   Code   RO          654    x$fpl$usenofp       fz_ps.l(usenofp.o)
    0x000050c4   0x000050c4   0x00000080   Data   RO          585    .constdata          fz_ps.l(ddiv.o)
    0x00005144   0x00005144   0x00000040   Data   RO          614    .constdata          fz_ps.l(fdiv.o)
    0x00005184   0x00005184   0x00000004   PAD
    0x00005188   0x00005188   0x00000050   Data   RO          624    .constdata          m_ps.l(asin.o)
    0x000051d8   0x000051d8   0x00000098   Data   RO          657    .constdata          m_ps.l(atan.o)
    0x00005270   0x00005270   0x00000008   Data   RO          678    .constdata          m_ps.l(qnan.o)
    0x00005278   0x00005278   0x00000003   Data   RO          387    .rodata..L__const.dmp_set_orientation.accel_axes  inv_mpu_dmp_motion_driver.o
    0x0000527b   0x0000527b   0x00000003   Data   RO          386    .rodata..L__const.dmp_set_orientation.gyro_axes  inv_mpu_dmp_motion_driver.o
    0x0000527e   0x0000527e   0x00000bf6   Data   RO          385    .rodata.dmp_memory  inv_mpu_dmp_motion_driver.o
    0x00005e74   0x00005e74   0x00000003   Data   RO           51    .rodata.gPWM_ain1ClockConfig  ti_msp_dl_config.o
    0x00005e77   0x00005e77   0x00000001   PAD
    0x00005e78   0x00005e78   0x00000008   Data   RO           52    .rodata.gPWM_ain1Config  ti_msp_dl_config.o
    0x00005e80   0x00005e80   0x00000003   Data   RO           53    .rodata.gPWM_ain2ClockConfig  ti_msp_dl_config.o
    0x00005e83   0x00005e83   0x00000001   PAD
    0x00005e84   0x00005e84   0x00000008   Data   RO           54    .rodata.gPWM_ain2Config  ti_msp_dl_config.o
    0x00005e8c   0x00005e8c   0x00000003   Data   RO           47    .rodata.gPWM_bin1ClockConfig  ti_msp_dl_config.o
    0x00005e8f   0x00005e8f   0x00000001   PAD
    0x00005e90   0x00005e90   0x00000008   Data   RO           48    .rodata.gPWM_bin1Config  ti_msp_dl_config.o
    0x00005e98   0x00005e98   0x00000003   Data   RO           49    .rodata.gPWM_bin2ClockConfig  ti_msp_dl_config.o
    0x00005e9b   0x00005e9b   0x00000001   PAD
    0x00005e9c   0x00005e9c   0x00000008   Data   RO           50    .rodata.gPWM_bin2Config  ti_msp_dl_config.o
    0x00005ea4   0x00005ea4   0x00000002   Data   RO           55    .rodata.gUART_1ClockConfig  ti_msp_dl_config.o
    0x00005ea6   0x00005ea6   0x0000000a   Data   RO           56    .rodata.gUART_1Config  ti_msp_dl_config.o
    0x00005eb0   0x00005eb0   0x0000000c   Data   RO          546    .rodata.hw          inv_mpu.o
    0x00005ebc   0x00005ebc   0x0000001b   Data   RO          545    .rodata.reg         inv_mpu.o
    0x00005ed7   0x00005ed7   0x00000011   Data   RO           95    .rodata.str1.1      debug.o
    0x00005ee8   0x00005ee8   0x00000008   Data   RO          160    .rodata.str1.1      test_logs.o
    0x00005ef0   0x00005ef0   0x00000039   Data   RO          440    .rodata.str1.1      bsp_mpu6050.o
    0x00005f29   0x00005f29   0x0000004d   Data   RO          549    .rodata.str1.1      inv_mpu.o
    0x00005f76   0x00005f76   0x00000002   PAD
    0x00005f78   0x00005f78   0x00000028   Data   RO          547    .rodata.test        inv_mpu.o
    0x00005fa0   0x00005fa0   0x00000020   Data   RO          871    Region$$Table       anon$$obj.o


    Execution Region RW_IRAM2 (Exec base: 0x20200000, Load base: 0x00005fc0, Size: 0x000004a0, Max: 0x00008000, ABSOLUTE)

    Exec Addr    Load Addr    Size         Type   Attr      Idx    E Section Name        Object

    0x20200000   0x00005fc0   0x00000009   Data   RW          550    .data.gyro_orientation  inv_mpu.o
    0x20200009   0x00005fc9   0x00000003   PAD
    0x2020000c   0x00005fcc   0x0000002c   Data   RW          548    .data.st            inv_mpu.o
    0x20200038        -       0x00000060   Zero   RW          712    .bss                c_p.l(libspace.o)
    0x20200098        -       0x00000004   Zero   RW          388    .bss.dmp.0          inv_mpu_dmp_motion_driver.o
    0x2020009c        -       0x00000004   Zero   RW          389    .bss.dmp.1          inv_mpu_dmp_motion_driver.o
    0x202000a0        -       0x00000002   Zero   RW          390    .bss.dmp.2          inv_mpu_dmp_motion_driver.o
    0x202000a2   0x00005ff8   0x00000002   PAD
    0x202000a4        -       0x00000002   Zero   RW          391    .bss.dmp.3          inv_mpu_dmp_motion_driver.o
    0x202000a6   0x00005ff8   0x00000002   PAD
    0x202000a8        -       0x00000002   Zero   RW          392    .bss.dmp.4          inv_mpu_dmp_motion_driver.o
    0x202000aa        -       0x00000001   Zero   RW          393    .bss.dmp.5          inv_mpu_dmp_motion_driver.o
    0x202000ab   0x00005ff8   0x00000001   PAD
    0x202000ac        -       0x00000078   Zero   RW           46    .bss.gPWM_ain1Backup  ti_msp_dl_config.o
    0x20200124        -       0x000000bc   Zero   RW           44    .bss.gPWM_bin1Backup  ti_msp_dl_config.o
    0x202001e0        -       0x000000bc   Zero   RW           45    .bss.gPWM_bin2Backup  ti_msp_dl_config.o
    0x2020029c        -       0x00000004   Zero   RW          114    .bss.g_systickCount  delay.o
    0x202002a0        -       0x00000100   Zero   RW           11    HEAP                startup_mspm0g350x_uvision.o
    0x202003a0        -       0x00000100   Zero   RW           10    STACK               startup_mspm0g350x_uvision.o



  Load Region LR_BCR (Base: 0x41c00000, Size: 0x00000000, Max: 0x00000100, ABSOLUTE)

    Execution Region BCR_CONFIG (Exec base: 0x41c00000, Load base: 0x41c00000, Size: 0x00000000, Max: 0x00000080, ABSOLUTE)

    **** No section assigned to this execution region ****



  Load Region LR_BSL (Base: 0x41c00100, Size: 0x00000000, Max: 0x00000100, ABSOLUTE)

    Execution Region BSL_CONFIG (Exec base: 0x41c00100, Load base: 0x41c00100, Size: 0x00000000, Max: 0x00000080, ABSOLUTE)

    **** No section assigned to this execution region ****


==============================================================================

Image component sizes


      Code (inc. data)   RO Data    RW Data    ZI Data      Debug   Object Name

      2716         80         57          0          0      28479   bsp_mpu6050.o
      1816         72         17          0          0       9234   debug.o
       148          8          0          0          4       1320   delay.o
        10          0          0          0          0        627   dl_common.o
       408         48          0          0          0      31344   dl_timer.o
       126         12          0          0          0      14390   dl_uart.o
        92         44          0          0          0        576   empty.o
      4002        148        156         53          0      32910   inv_mpu.o
      1760        148       3068          0         15      11358   inv_mpu_dmp_motion_driver.o
        48         22        192          0        512        720   startup_mspm0g350x_uvision.o
       216         92          8          0          0      15481   test_logs.o
       904        188         56          0        496      30413   ti_msp_dl_config.o

    ----------------------------------------------------------------------
     12252        862       3592         56       1032     176852   Object Totals
         0          0         32          0          0          0   (incl. Generated)
         6          0          6          3          5          0   (incl. Padding)

    ----------------------------------------------------------------------

      Code (inc. data)   RO Data    RW Data    ZI Data      Debug   Library Member Name

         8          0          0          0          0         68   __main.o
         0          0          0          0          0          0   __rtentry.o
        12          0          0          0          0          0   __rtentry2.o
         6          0          0          0          0          0   __rtentry4.o
        60          8          0          0          0          0   __scatter.o
        26          0          0          0          0          0   __scatter_copy.o
        28          0          0          0          0          0   __scatter_zi.o
        22          0          0          0          0         92   _rserrno.o
      1006          4          0          0          0        184   aeabi_sdivfast.o
        16          0          0          0          0         68   exit.o
         6          0          0          0          0        136   heapauxi.o
         0          0          0          0          0          0   indicate_semi.o
         2          0          0          0          0          0   libinit.o
         2          0          0          0          0          0   libinit2.o
         2          0          0          0          0          0   libshutdown.o
         2          0          0          0          0          0   libshutdown2.o
         8          4          0          0         96         68   libspace.o
        90          0          0          0          0         68   memcmp.o
         8          4          0          0          0         68   rt_errno_addr_intlibspace.o
         2          0          0          0          0          0   rtexit.o
        10          0          0          0          0          0   rtexit2.o
        12          4          0          0          0         60   sys_exit.o
        62          0          0          0          0         80   sys_stackheap_outer.o
         2          0          0          0          0         68   use_no_semi.o
        46          0          0          0          0         60   cmpret.o
       124          4          0          0          0         72   d2f.o
       856         20          0          0          0        208   daddsub.o
       160          6          0          0          0         76   dcmpin.o
      1096         26        128          0          0        112   ddiv.o
       100          4          0          0          0         92   deqf.o
       108         10          0          0          0         72   dfixi.o
       584         26          0          0          0         84   dmul.o
        20          6          0          0          0         68   dnan2.o
        96         12          0          0          0         72   dscalbn.o
       256          8          0          0          0         76   dsqrt.o
        84          4          0          0          0         60   f2d.o
       348          8          0          0          0        160   faddsub.o
        22          0          0          0          0         68   fcmp.o
       100          4          0          0          0         68   fcmpin.o
       352         10         64          0          0         92   fdiv.o
        76          0          0          0          0         68   ffixi.o
        94          0          0          0          0         92   fflti.o
        84          4          0          0          0         76   fgef.o
       176          4          0          0          0         80   fmul.o
        16          6          0          0          0         68   fnan2.o
        94          0          0          0          0         68   retnan.o
         0          0          0          0          0          0   usenofp.o
       628         54         80          0          0        104   asin.o
       540         68        152          0          0        112   atan.o
       412         40          0          0          0        144   atan2.o
        54          6          0          0          0        272   dunder.o
        44          4          0          0          0         60   fpclassify.o
       172          0          0          0          0         76   poly.o
         0          0          8          0          0          0   qnan.o
        72          6          0          0          0         76   sqrt.o

    ----------------------------------------------------------------------
      8232        368        436          0         96       3696   Library Totals
        26          4          4          0          0          0   (incl. Padding)

    ----------------------------------------------------------------------

      Code (inc. data)   RO Data    RW Data    ZI Data      Debug   Library Name

      1392         24          0          0         96        960   c_p.l
      4892        162        192          0          0       1892   fz_ps.l
      1922        178        240          0          0        844   m_ps.l

    ----------------------------------------------------------------------
      8232        368        436          0         96       3696   Library Totals

    ----------------------------------------------------------------------

==============================================================================


      Code (inc. data)   RO Data    RW Data    ZI Data      Debug   

     20484       1230       4028         56       1128     178520   Grand Totals
     20484       1230       4028         56       1128     178520   ELF Image Totals
     20484       1230       4028         56          0          0   ROM Totals

==============================================================================

    Total RO  Size (Code + RO Data)                24512 (  23.94kB)
    Total RW  Size (RW Data + ZI Data)              1184 (   1.16kB)
    Total ROM Size (Code + RO Data + RW Data)      24568 (  23.99kB)

==============================================================================

